{"probe":"F-01-all-public-transition-edges","status":"pass","edges":14,"rejectedInputs":56,"bytesUnchanged":true,"contextAndBothHooksUsable":true}
{"probe":"F-01-malformed-junction-and-draft","status":"pass","refusedInputs":5,"draftNormalized":true,"unsealedDoneRefused":true}
work/sessions/S-1.md
work/sessions/S-1.md
work/sessions/S-1.md
work/sessions/S-1.md
work/sessions/S-1.md
work/sessions/S-1.md
work/sessions/S-1.md
work/sessions/S-1.md
work/sessions/S-1.md
{"probe":"F-02-real-legacy-writer","status":"pass","baseCommit":"2ee3e7514f6cc937a75cb667065b9eeb0bc1ebe7","lineEndings":"LF","omissionBlankNoneRenewal":true,"readOnly":true}
work/sessions/S-1.md
work/sessions/S-1.md
work/sessions/S-1.md
work/sessions/S-1.md
work/sessions/S-1.md
work/sessions/S-1.md
work/sessions/S-1.md
work/sessions/S-1.md
work/sessions/S-1.md
{"probe":"F-02-real-legacy-writer","status":"pass","baseCommit":"2ee3e7514f6cc937a75cb667065b9eeb0bc1ebe7","lineEndings":"CRLF","omissionBlankNoneRenewal":true,"readOnly":true}
work/sessions/S-1.md
work/sessions/S-1.md
work/sessions/S-1.md
work/sessions/S-1.md
{"probe":"F-03-archive-and-manual-content","status":"pass","initialFormat2":false,"initialAndManualPreserved":true,"omissionPreservesSection":true,"noDuplicateArchive":true}
work/sessions/S-1.md
work/sessions/S-1.md
work/sessions/S-1.md
work/sessions/S-1.md
{"probe":"F-03-archive-and-manual-content","status":"pass","initialFormat2":true,"initialAndManualPreserved":true,"omissionPreservesSection":true,"noDuplicateArchive":true}
{"summary":"All reviewer assertions passed","groups":6,"observedAt":"2026-09-09T20:42:05.107Z"}
