✔ acceptance grammar preserves legacy IDs and recognizes namespaced IDs and checkboxes (2.3428ms)
✔ acceptance examples in fenced blocks are not live criteria (0.2302ms)
✔ frontmatter and comments are inert, and setext/ATX section boundaries are explicit (0.4486ms)
✔ legacy headingless mode rejects ambiguous definition "- ac-02: lowercase.\n" (0.0994ms)
✔ legacy headingless mode rejects ambiguous definition "1. AC-D01: ordered.\n" (0.1545ms)
✔ legacy headingless mode rejects ambiguous definition "| AC-D01 | table |\n" (0.1088ms)
✔ legacy headingless mode rejects ambiguous definition "- **AC-D01**: formatted.\n" (0.0906ms)
✔ legacy headingless mode rejects ambiguous definition "- AC-D01：fullwidth colon.\n" (0.0824ms)
✔ legacy headingless mode rejects ambiguous definition "    - AC-D01: indented.\n" (0.2481ms)
✔ legacy headingless mode rejects ambiguous definition "> - AC-D01: quoted.\n" (0.1637ms)
✔ legacy headingless mode rejects ambiguous definition "- [✓] AC-D01: unsupported checkbox.\n" (0.1082ms)
✔ legacy headingless mode rejects ambiguous definition "- AC​-02: hidden character.\n" (0.1932ms)
✔ legacy headingless mode rejects ambiguous definition "- ＡＣ-０２: non-ASCII.\n" (0.08ms)
✔ legacy headingless mode rejects ambiguous definition "  - AC-D01: nested.\n" (0.0641ms)
✔ legacy headingless mode rejects ambiguous definition "### AC-D01: heading.\n" (0.0588ms)
✔ legacy headingless mode rejects ambiguous definition "<div>\n- AC-D01: HTML.\n</div>\n" (0.0403ms)
✔ malformed metadata, comments and example fences are rejected, not used to hide criteria (0.178ms)
✔ acceptance rejects empty rather than silently dropping criteria (0.0791ms)
✔ acceptance rejects invalid ID rather than silently dropping criteria (0.0738ms)
✔ acceptance rejects duplicate rather than silently dropping criteria (0.0729ms)
✔ acceptance rejects empty body rather than silently dropping criteria (0.0821ms)
✔ acceptance rejects lowercase rather than silently dropping criteria (0.0583ms)
✔ acceptance rejects missing colon rather than silently dropping criteria (0.0565ms)
✔ acceptance rejects numbered rather than silently dropping criteria (0.1367ms)
✔ acceptance rejects table rather than silently dropping criteria (0.0586ms)
✔ acceptance rejects formatted rather than silently dropping criteria (0.0384ms)
✔ acceptance rejects plain bullet rather than silently dropping criteria (0.0437ms)
✔ acceptance rejects unclosed fence rather than silently dropping criteria (0.0568ms)
✔ AC-D01 survives seal, validate, and session completion with full independent fixture evidence (91.4297ms)
✔ seal rejects mixed omitted without writing a receipt or changing session (18.3746ms)
✔ seal rejects extra without writing a receipt or changing session (18.2174ms)
✔ seal rejects invalid without writing a receipt or changing session (17.7188ms)
✔ seal rejects duplicate review without writing a receipt or changing session (15.85ms)
✔ duplicate requirement definitions cannot be sealed (16.3807ms)
✔ receipt use revalidates exact coverage and refuses completing a forged incomplete receipt (53.4085ms)
✔ existing requirement approval rejects invalid definitions before any record changes (15.6472ms)
✔ intake generation uses valid IDs and approval rejects malformed edited requirements before mutation (257.1482ms)
✔ intake validates its final rendered answer ledger before changing any artifact or existing approval (278.2021ms)
✔ mock approval binds executable artifacts and updates the active session (35.8272ms)
✔ mock approval cannot skip pending product intent (15.3441ms)
✔ mock approval requires a real session, human evidence, and executable artifacts (24.4957ms)
✔ existing accepted requirements can be approved but intake questions cannot be bypassed (34.0712ms)
✔ shared option parsing preserves repeated assignments and rejects escaping paths (9.3467ms)
✔ Harness requirements expose all 20 stable acceptance IDs to the completion verifier (2.477ms)
✔ Databricks connect rejects a profile/host mismatch before identity lookup or persistence (2.2696ms)
✔ Databricks connect rejects malformed auth JSON without recording a verified connection (1.9524ms)
✔ Databricks connect rejects auth JSON reporting an error even when the process exited zero (2.158ms)
✔ Databricks connect requires a host on the selected profile to prove workspace identity (2.2341ms)
✔ Databricks connect persists only non-secret verified connection metadata (13.7356ms)
✔ Databricks doctor detects project/profile host mismatch and does not validate the wrong workspace (16.6552ms)
✔ Databricks doctor uses strict Bundle validation with the explicitly selected profile and target (14.1824ms)
✔ AppKit manifest contracts preserve required plugins, optional selection, resource origins, and scoped rules (45.2751ms)
✔ AppKit planning reports required user resources but never demands optional/platform/local/fixed values (36.0931ms)
✔ AppKit planning refuses unknown optional plugins and undeclared resource assignments (22.0825ms)
✔ AppKit planning refuses contradictory must and never manifest rules (20.7138ms)
✔ AppKit mandatory data plugins require the same data-access decision as optional selections (35.3508ms)
✔ AppKit optional resources become required only when that resource group is selected (36.2155ms)
✔ AppKit refuses caller assignments to platform-managed manifest fields (19.9765ms)
✔ AppKit planning waits for mock approval and before-init MUST evidence (29.2542ms)
✔ AppKit rule approval must bind the exact manifest snapshot (41.735ms)
✔ AppKit planning rejects mutable template versions before consulting a manifest (20.2598ms)
✔ AppKit validation failure is persisted as a failed scaffold, not a reusable ready plan (82.2831ms)
✔ AppKit fixture-only mock still requires explicit workspace authentication, not business-data access (30.2615ms)
✔ AppKit mock does not invent a profile or authenticate when profile and host are omitted (46.2326ms)
✔ AppKit mock rejects DEFAULT and implicit authentication requests (19.445ms)
✔ AppKit profile-host mismatch is rejected before authenticating the unexpected workspace (36.8817ms)
✔ AppKit rechecks workspace identity immediately before init (79.7773ms)
✔ AppKit integration rejects mock approval without executable artifact hashes (38.5606ms)
✔ AppKit integration rejects a changed approved fixture before any init or auth recheck (67.6084ms)
✔ Intake copies repository sources with hashes and an explicit untrusted-input classification (66.9253ms)
✔ Intake refuses product approval while any material question is unanswered (111.4489ms)
✔ Intake approval succeeds only after all material answers and records actor/evidence (392.617ms)
✔ Intake approval updates the canonical requirement and durable session gate consistently (344.9596ms)
✔ Changing an accepted material answer invalidates the previous product approval (354.8417ms)
✔ Ordinary Japanese intake does not require the user to invent an ASCII project slug (45.9444ms)
✔ Loop initialization rejects non-integer iteration budgets (17.4433ms)
✔ Loop-generated budget fields conform to the published closed budget schema (21.6141ms)
✔ Loop iteration budget exhaustion is durable and starts no provider process (34.5144ms)
✔ Loop wall-clock budget exhaustion is durable and starts no provider process (33.7951ms)
✔ Loop process timeouts are capped by the remaining wall-clock budget (41.9355ms)
✔ Loop policy hash changes block execution before a provider is started (36.9922ms)
✔ Loop detects policy tampering performed during the provider iteration (41.7872ms)
✔ Loop pending human gates block all provider execution (36.603ms)
✔ Loop refuses a second iteration while the previous iteration has not been recorded (46.7222ms)
✔ Loop provider failure persists a terminal failure and skips deterministic checks (41.085ms)
✔ Loop completion refuses missing implementation or verifier evidence and remains unfinished (50.2298ms)
✔ Loop completion refuses evidence paths that do not exist (53.0046ms)
✔ Loop completion refuses failed deterministic checks even when evidence files exist (55.7688ms)
✔ Loop completion does not treat an empty verifier file as independent verification (48.6733ms)
✔ Loop completion does not accept a directory as implementation evidence (55.3932ms)
✔ Loop completion rechecks the policy hash after implementation and before achievement (52.8023ms)
✔ Loop achievement accepts a matching independent receipt covering every requirement criterion (66.2446ms)
✔ Loop achievement rejects an independent receipt missing an acceptance criterion (66.1171ms)
✔ Loop achievement rejects a receipt from the implementing provider (79.7933ms)
✔ Loop achievement rejects evidence changed after independent review (76.599ms)
✔ Loop achievement rejects acceptance evidence that is missing or not bound by an artifact hash (78.4133ms)
✔ Loop record rejects undeclared outcome values instead of silently treating them as progress (58.9169ms)
✔ Operator stop cannot bypass the evidence-backed achieved transition (43.0589ms)
✔ durable sessions carry provider, linked designs, objective, and pending intent gate (28.867ms)
✔ unknown session intents are rejected without creating a durable record (14.0657ms)
✔ a checkpoint requires summary and exact next action (59.4202ms)
✔ a pending intent gate cannot be skipped through checkpoint phase changes (49.1246ms)
✔ file locks reject concurrent writers and are released after exceptions (11.9761ms)
✔ blocked sessions close without falsely claiming completed and reject later checkpoints (51.176ms)
✔ completion refuses a pending gate even with a valid receipt (38.6726ms)
✔ completion refuses absent verification without mutating the active session (28.7298ms)
✔ sealed independent AC evidence permits completion and records unauthenticated identity honestly (76.0864ms)
✔ sealing rejects missing acceptance criterion (22.2807ms)
✔ sealing rejects non-independent reviewer (26.5191ms)
✔ sealing rejects unknown reviewer provider (22.1721ms)
✔ sealing rejects passing criterion with no evidence (20.0039ms)
✔ sealing rejects directory used as evidence (29.2084ms)
✔ a failed AC seals as fail and cannot be used to close completed (50.1646ms)
✔ sealing rejects an unaccepted draft requirement (20.9337ms)
✔ sealing rejects an empty file advertised as passing evidence (26.2445ms)
✔ receipt validation rejects wrong session (46.1533ms)
✔ receipt validation rejects wrong requirement binding (45.3306ms)
✔ receipt validation rejects self-review identity (44.9636ms)
✔ receipt validation rejects stale policy (46.8918ms)
✔ receipt validation rejects missing artifact hashes (47.0453ms)
✔ receipt validation rejects unhashed acceptance evidence (53.5921ms)
✔ receipt validation rejects missing AC coverage (46.6906ms)
✔ receipt validation rejects truthy string independence (46.5633ms)
✔ receipt validation rejects unknown provider in receipt (41.736ms)
✔ receipt validation rejects conflicting duplicate AC result (42.6271ms)
✔ verified artifact changes invalidate previously sealed completion evidence (41.9246ms)
✔ knowledge is indexed with source, confidence, applicability, and freshness (22.7858ms)
✔ knowledge requires provenance and rejects missing source files (13.3983ms)
✔ knowledge supersession retains history and marks the prior entry (30.5829ms)
✔ knowledge supersession cannot cross scope (16.8756ms)
✔ knowledge supersession rejects a sibling directory sharing the knowledge prefix (14.0286ms)
✔ knowledge review dates must be real calendar dates (11.9038ms)
✔ knowledge rejects unsupported kinds instead of creating ungoverned records (8.4507ms)
✔ session checkpoints reject or redact recognizable credentials before persistence (23.8096ms)
✔ knowledge rejects or redacts recognizable credentials before persistence (9.3458ms)
✔ session closure rejects or redacts recognizable credentials before persistence (24.7024ms)
✔ nine-session CLI and both hooks include newest, gate/current/next and explicit truncation (659.7682ms)
✔ explicit focus wins over recency and environment; bad focus never falls back (846.5131ms)
✔ legacy latest checkpoint overrides stale initial summary in read-only context (256.931ms)
work/sessions/S-1.md
work/sessions/S-1.md
✔ checkpoint refreshes current sections, preserves initial history, checks revision and gate (97.1746ms)
work/sessions/S-1.md
✔ task persists linked scope and appears in context; checkpoint focus must belong to session (368.0466ms)
✔ task writes reject duplicate, unknown session, secrets, outside paths, stale revisions and active locks (103.3987ms)
✔ dependencies and transitions are checked, including hand-edited cycles and missing IDs (132.9904ms)
C:\Users\nimao\AppData\Local\Temp\harness-visibility-xQ6BWO\work\reviews\receipt.json
✔ done requires current independent receipt and evidence and never approves session (407.641ms)
✔ status reads do not write; explicit snapshot generation protects existing non-generated file (351.4891ms)
✔ context remains bounded and treats markdown/terminal content as data (269.6672ms)
work/sessions/S-1.md
work/sessions/S-1.md
✔ task focus survives task truncation, can be cleared, and status snapshot resists edits (1358.4005ms)
✔ inherited old harness sessions stay excluded after template initialization (496.5053ms)
✔ pending gates block task execution and terminal sessions cannot be used as focus (331.7303ms)
✔ task CRUD works through the public CLI and supports CRLF histories (569.9415ms)
✔ task reader refuses duplicate dependencies and cross-session references (156.7671ms)
work/sessions/S-1.md
work/sessions/S-1.md
✔ manual current-state edits are archived on a later checkpoint rather than discarded (91.7772ms)
✔ task scalars round-trip YAML-sensitive punctuation as data (81.9432ms)
✔ boolean flags with values refuse instead of silently changing read/write intent (425.947ms)
✔ F-01 rejects outside verifier references before every writable transition (4025.7652ms)
✔ F-01 public CLI rejects bad verifier input and leaves both start hooks usable (1432.2557ms)
✔ F-02 legacy omitted blockers inherit the last explicit value, including none, without writes (1753.9869ms)
work/sessions/S-1.md
✔ F-03 initial blocker content is archived before replacement (70.6449ms)
work/sessions/S-1.md
work/sessions/S-1.md
work/sessions/S-1.md
work/sessions/S-1.md
✔ F-03 manually added blockers survive later checkpoints and unchanged bodies are not rearchived (125.9348ms)
work/sessions/S-1.md
✔ F-03 pre-fix format-2 sessions archive a blocker not present in earlier checkpoints (70.2569ms)
ℹ tests 160
ℹ suites 0
ℹ pass 160
ℹ fail 0
ℹ cancelled 0
ℹ skipped 0
ℹ todo 0
ℹ duration_ms 14615.7595
