TAP version 13
# Subtest: check clock rollback below issuedAt during reads denies reuse without changing original bytes
not ok 1 - check clock rollback below issuedAt during reads denies reuse without changing original bytes
  ---
  duration_ms: 136.4533
  type: 'test'
  location: 'D:\\projects\\databricks-dev-harness\\tests\\scoped-approval.test.mjs:120:1'
  failureType: 'testCodeFailure'
  error: |-
    Expected values to be strictly equal:
    
    true !== false
    
  code: 'ERR_ASSERTION'
  name: 'AssertionError'
  expected: false
  actual: true
  operator: 'strictEqual'
  stack: |-
    TestContext.<anonymous> (file:///D:/projects/databricks-dev-harness/tests/scoped-approval.test.mjs:125:33)
    async Test.run (node:internal/test_runner/test:1208:7)
    async startSubtestAfterBootstrap (node:internal/test_runner/harness:385:3)
  ...
# Subtest: record clock rollback below its issuedAt rejects before persistence
not ok 2 - record clock rollback below its issuedAt rejects before persistence
  ---
  duration_ms: 101.2488
  type: 'test'
  location: 'D:\\projects\\databricks-dev-harness\\tests\\scoped-approval.test.mjs:128:1'
  failureType: 'testCodeFailure'
  error: 'Missing expected rejection.'
  code: 'ERR_ASSERTION'
  name: 'AssertionError'
  expected:
  operator: 'rejects'
  stack: |-
    async TestContext.<anonymous> (file:///D:/projects/databricks-dev-harness/tests/scoped-approval.test.mjs:130:3)
    async Test.run (node:internal/test_runner/test:1208:7)
    async Test.processPendingSubtests (node:internal/test_runner/test:831:7)
  ...
1..2
# tests 2
# suites 0
# pass 0
# fail 2
# cancelled 0
# skipped 0
# todo 0
# duration_ms 309.3487
