TAP version 13
# Subtest: IR-policy-directory-link: policy input junction is rejected at capture
not ok 1 - IR-policy-directory-link: policy input junction is rejected at capture
  ---
  duration_ms: 25.1807
  type: 'test'
  location: 'D:\\projects\\databricks-dev-harness\\work\\evidence\\2026-09-10-deployment-independent.test.mjs:44:1'
  failureType: 'testCodeFailure'
  error: 'Missing expected rejection.'
  code: 'ERR_ASSERTION'
  name: 'AssertionError'
  expected:
  operator: 'rejects'
  stack: |-
    async TestContext.<anonymous> (file:///D:/projects/databricks-dev-harness/work/evidence/2026-09-10-deployment-independent.test.mjs:48:3)
    async Test.run (node:internal/test_runner/test:1208:7)
    async startSubtestAfterBootstrap (node:internal/test_runner/harness:385:3)
  ...
# Subtest: IR-policy-link-replacement: replacing policy directory with equal-byte junction blocks deploy
not ok 2 - IR-policy-link-replacement: replacing policy directory with equal-byte junction blocks deploy
  ---
  duration_ms: 120.967
  type: 'test'
  location: 'D:\\projects\\databricks-dev-harness\\work\\evidence\\2026-09-10-deployment-independent.test.mjs:50:1'
  failureType: 'testCodeFailure'
  error: |-
    {"status":"simulated-success","calls":["validate","deploy","observe","start","health"]}
    + actual - expected
    
      [
        'validate',
    +   'deploy',
    +   'observe',
    +   'start',
    +   'health'
      ]
    
  code: 'ERR_ASSERTION'
  name: 'AssertionError'
  expected:
    0: 'validate'
  actual:
    0: 'validate'
    1: 'deploy'
    2: 'observe'
    3: 'start'
    4: 'health'
  operator: 'deepStrictEqual'
  stack: |-
    TestContext.<anonymous> (file:///D:/projects/databricks-dev-harness/work/evidence/2026-09-10-deployment-independent.test.mjs:57:10)
    async Test.run (node:internal/test_runner/test:1208:7)
    async Test.processPendingSubtests (node:internal/test_runner/test:831:7)
  ...
# Subtest: IR-policy-bytes: invalid UTF-8 policy byte change invalidates candidate
not ok 3 - IR-policy-bytes: invalid UTF-8 policy byte change invalidates candidate
  ---
  duration_ms: 106.2359
  type: 'test'
  location: 'D:\\projects\\databricks-dev-harness\\work\\evidence\\2026-09-10-deployment-independent.test.mjs:59:1'
  failureType: 'testCodeFailure'
  error: |-
    {"status":"simulated-success","calls":["validate","deploy","observe","start","health"]}
    + actual - expected
    
      [
        'validate',
    +   'deploy',
    +   'observe',
    +   'start',
    +   'health'
      ]
    
  code: 'ERR_ASSERTION'
  name: 'AssertionError'
  expected:
    0: 'validate'
  actual:
    0: 'validate'
    1: 'deploy'
    2: 'observe'
    3: 'start'
    4: 'health'
  operator: 'deepStrictEqual'
  stack: |-
    TestContext.<anonymous> (file:///D:/projects/databricks-dev-harness/work/evidence/2026-09-10-deployment-independent.test.mjs:63:10)
    async Test.run (node:internal/test_runner/test:1208:7)
    async Test.processPendingSubtests (node:internal/test_runner/test:831:7)
  ...
# Subtest: IR-health-secret: untrusted synthetic URL must not persist a secret-shaped payload
not ok 4 - IR-health-secret: untrusted synthetic URL must not persist a secret-shaped payload
  ---
  duration_ms: 111.9501
  type: 'test'
  location: 'D:\\projects\\databricks-dev-harness\\work\\evidence\\2026-09-10-deployment-independent.test.mjs:65:1'
  failureType: 'testCodeFailure'
  error: |-
    {"status":"simulated-success","markerPersisted":true}
    
    true !== false
    
  code: 'ERR_ASSERTION'
  name: 'AssertionError'
  expected: false
  actual: true
  operator: 'strictEqual'
  stack: |-
    TestContext.<anonymous> (file:///D:/projects/databricks-dev-harness/work/evidence/2026-09-10-deployment-independent.test.mjs:69:10)
    async Test.run (node:internal/test_runner/test:1208:7)
    async Test.processPendingSubtests (node:internal/test_runner/test:831:7)
  ...
# Subtest: IR-event-stage: stopped event cannot jump from validate to health
not ok 5 - IR-event-stage: stopped event cannot jump from validate to health
  ---
  duration_ms: 40.4289
  type: 'test'
  location: 'D:\\projects\\databricks-dev-harness\\work\\evidence\\2026-09-10-deployment-independent.test.mjs:71:1'
  failureType: 'testCodeFailure'
  error: 'Missing expected rejection.'
  code: 'ERR_ASSERTION'
  name: 'AssertionError'
  expected:
  operator: 'rejects'
  stack: |-
    async TestContext.<anonymous> (file:///D:/projects/databricks-dev-harness/work/evidence/2026-09-10-deployment-independent.test.mjs:77:3)
    async Test.run (node:internal/test_runner/test:1208:7)
    async Test.processPendingSubtests (node:internal/test_runner/test:831:7)
  ...
# Subtest: PASS: success and show preserve read-only synthetic result
ok 6 - PASS: success and show preserve read-only synthetic result
  ---
  duration_ms: 111.405
  type: 'test'
  ...
# Subtest: PASS: stale run correlation at deploy stops downstream
ok 7 - PASS: stale run correlation at deploy stops downstream
  ---
  duration_ms: 47.4394
  type: 'test'
  ...
# Subtest: PASS: stale run correlation at observe stops downstream
ok 8 - PASS: stale run correlation at observe stops downstream
  ---
  duration_ms: 69.1457
  type: 'test'
  ...
# Subtest: PASS: stale run correlation at start stops downstream
ok 9 - PASS: stale run correlation at start stops downstream
  ---
  duration_ms: 78.1479
  type: 'test'
  ...
# Subtest: PASS: stale run correlation at health stops downstream
ok 10 - PASS: stale run correlation at health stops downstream
  ---
  duration_ms: 93.9918
  type: 'test'
  ...
# Subtest: PASS: loss of start-result and stop writes leaves durable uncertain entry
ok 11 - PASS: loss of start-result and stop writes leaves durable uncertain entry
  ---
  duration_ms: 87.666
  type: 'test'
  ...
# Subtest: PASS: failure while writing deploy-entry cannot call deploy
ok 12 - PASS: failure while writing deploy-entry cannot call deploy
  ---
  duration_ms: 69.1815
  type: 'test'
  ...
# Subtest: PASS: candidate mutation during durable entry save is caught before adapter
ok 13 - PASS: candidate mutation during durable entry save is caught before adapter
  ---
  duration_ms: 73.314
  type: 'test'
  ...
# Subtest: PASS: timeout at deploy and late resolution cannot mutate record
ok 14 - PASS: timeout at deploy and late resolution cannot mutate record
  ---
  duration_ms: 62.2225
  type: 'test'
  ...
# Subtest: PASS: expiry equality invalidates fixture approval before any call
ok 15 - PASS: expiry equality invalidates fixture approval before any call
  ---
  duration_ms: 29.7815
  type: 'test'
  ...
# Subtest: PASS: CLI malformed scalar and unsupported assignment syntax create nothing
ok 16 - PASS: CLI malformed scalar and unsupported assignment syntax create nothing
  ---
  duration_ms: 6.5328
  type: 'test'
  ...
# Subtest: NOTE: existing policyHash does not bind the CLI dispatcher
ok 17 - NOTE: existing policyHash does not bind the CLI dispatcher
  ---
  duration_ms: 16.9459
  type: 'test'
  ...
1..17
# tests 17
# suites 0
# pass 12
# fail 5
# cancelled 0
# skipped 0
# todo 0
# duration_ms 1227.7974
