✔ independent: normal approval binds sources and explicitly does not certify appearance/identity (142.1189ms)
✔ independent: approval rejects wrong session (85.125ms)
✔ independent: approval rejects wrong appRoot (90.3062ms)
✔ independent: approval rejects wrong version (101.9561ms)
✔ independent: approval rejects changed apps/test/src/Screen.tsx (93.7477ms)
✔ independent: approval rejects changed apps/test/src/theme.css (108.5713ms)
✔ independent: approval rejects changed apps/test/package-lock.json (90.525ms)
✔ independent: approval rejects changed apps/test/src/fixtures.json (94.4049ms)
✔ independent: approval rejects changed work/evidence/review.md (101.4793ms)
✔ independent: legacy approval cannot be consumed (16.062ms)
✔ independent: refuses same reviewer actor without writing approval (38.1964ms)
✔ independent: refuses same reviewer context without writing approval (38.8906ms)
✔ independent: refuses unresolved difference without writing approval (36.5717ms)
✔ independent: refuses empty screens without writing approval (35.2153ms)
✔ independent: refuses missing behavior without writing approval (32.8825ms)
✔ independent: refuses missing preview state without writing approval (37.6599ms)
✔ independent: refuses approximate HTML mode without writing approval (38.598ms)
✔ independent: refuses unapproved external hosting without writing approval (29.0168ms)
✔ independent: stale review fails after the basis changes even with fresh artifact hashes (40.2288ms)
✔ independent: runtime-html is preview-only and cannot be approved as executable mock (63.9464ms)
✔ independent: explicit external/framework exception is bound to exact target and requirement (104.1521ms)
✔ independent: ui-init is draft-only and does not overwrite an existing contract (37.4045ms)
✔ independent: non-UI product intent needs no UI contract (26.1012ms)
✔ independent: loop initialization rejects a legacy canonical UI approval (20.9015ms)
✔ independent: loop gate and later other gate cannot forget the UI receipt (178.6584ms)
✔ independent: loop rechecks before a second run and never starts provider with stale UI (291.7191ms)
✔ independent: non-UI loop does not require UI records (39.9049ms)
✔ independent: changed shared runtime component must invalidate approval (97.467ms)
✔ independent: loop does not record passing checks after provider changes approved UI (204.3542ms)
✔ independent: achieved cannot bypass UI changes between run and record (278.1184ms)
✔ independent: incompatible manifest dependency cannot masquerade as the locked runtime version (40.3933ms)
✔ independent: dependency spec ^1.2.0 vs 1.2.3 is accepted (87.2866ms)
✔ independent: dependency spec ~1.2.0 vs 1.2.3 is accepted (86.561ms)
✔ independent: dependency spec ~1.1.0 vs 1.2.3 is rejected (40.6428ms)
✔ independent: dependency spec ^2.0.0 vs 1.2.3 is rejected (37.0202ms)
✔ independent: dependency spec ^0.2.0 vs 0.2.5 is accepted (89.202ms)
✔ independent: dependency spec ^0.2.0 vs 0.3.0 is rejected (46.4893ms)
✔ independent: dependency spec ^0.0.2 vs 0.0.2 is accepted (98.6582ms)
✔ independent: dependency spec ^0.0.2 vs 0.0.3 is rejected (48.1533ms)
✔ independent: dependency spec 1.2.3-beta.1 vs 1.2.3-beta.1 is accepted (98.3359ms)
✔ independent: dependency spec ^1.2.3-beta.1 vs 1.2.3-beta.1 is rejected (46.5437ms)
✔ independent: dependency spec npm:other@1.2.3 vs 1.2.3 is rejected (48.6928ms)
✔ independent: dependency spec >=1.0.0 <2.0.0 vs 1.2.3 is rejected (43.054ms)
✔ independent: integration plan always requires reuse instead of claiming new app approval (40.7318ms)
✔ independent: old ready integration plan is rejected before authentication or app writes (33.0312ms)
ℹ tests 45
ℹ suites 0
ℹ pass 45
ℹ fail 0
ℹ cancelled 0
ℹ skipped 0
ℹ todo 0
ℹ duration_ms 3548.2343
