TAP version 13
# Subtest: IR-policy-directory-link: policy input junction is rejected at capture
ok 1 - IR-policy-directory-link: policy input junction is rejected at capture
  ---
  duration_ms: 22.0273
  type: 'test'
  ...
# Subtest: IR-policy-link-replacement: replacing policy directory with equal-byte junction blocks deploy
ok 2 - IR-policy-link-replacement: replacing policy directory with equal-byte junction blocks deploy
  ---
  duration_ms: 49.0532
  type: 'test'
  ...
# Subtest: IR-policy-bytes: invalid UTF-8 policy byte change invalidates candidate
ok 3 - IR-policy-bytes: invalid UTF-8 policy byte change invalidates candidate
  ---
  duration_ms: 48.0972
  type: 'test'
  ...
# Subtest: IR-health-secret: untrusted synthetic URL must not persist a secret-shaped payload
ok 4 - IR-health-secret: untrusted synthetic URL must not persist a secret-shaped payload
  ---
  duration_ms: 148.0207
  type: 'test'
  ...
# Subtest: IR-event-stage: stopped event cannot jump from validate to health
ok 5 - IR-event-stage: stopped event cannot jump from validate to health
  ---
  duration_ms: 47.5313
  type: 'test'
  ...
# Subtest: PASS: success and show preserve read-only synthetic result
ok 6 - PASS: success and show preserve read-only synthetic result
  ---
  duration_ms: 156.5908
  type: 'test'
  ...
# Subtest: PASS: stale run correlation at deploy stops downstream
ok 7 - PASS: stale run correlation at deploy stops downstream
  ---
  duration_ms: 64.0583
  type: 'test'
  ...
# Subtest: PASS: stale run correlation at observe stops downstream
ok 8 - PASS: stale run correlation at observe stops downstream
  ---
  duration_ms: 83.1067
  type: 'test'
  ...
# Subtest: PASS: stale run correlation at start stops downstream
ok 9 - PASS: stale run correlation at start stops downstream
  ---
  duration_ms: 98.9673
  type: 'test'
  ...
# Subtest: PASS: stale run correlation at health stops downstream
ok 10 - PASS: stale run correlation at health stops downstream
  ---
  duration_ms: 121.575
  type: 'test'
  ...
# Subtest: PASS: loss of start-result and stop writes leaves durable uncertain entry
ok 11 - PASS: loss of start-result and stop writes leaves durable uncertain entry
  ---
  duration_ms: 110.0714
  type: 'test'
  ...
# Subtest: PASS: failure while writing deploy-entry cannot call deploy
ok 12 - PASS: failure while writing deploy-entry cannot call deploy
  ---
  duration_ms: 66.9589
  type: 'test'
  ...
# Subtest: PASS: candidate mutation during durable entry save is caught before adapter
ok 13 - PASS: candidate mutation during durable entry save is caught before adapter
  ---
  duration_ms: 83.0715
  type: 'test'
  ...
# Subtest: PASS: timeout at deploy and late resolution cannot mutate record
ok 14 - PASS: timeout at deploy and late resolution cannot mutate record
  ---
  duration_ms: 84.1891
  type: 'test'
  ...
# Subtest: PASS: expiry equality invalidates fixture approval before any call
ok 15 - PASS: expiry equality invalidates fixture approval before any call
  ---
  duration_ms: 34.1099
  type: 'test'
  ...
# Subtest: PASS: CLI malformed scalar and unsupported assignment syntax create nothing
ok 16 - PASS: CLI malformed scalar and unsupported assignment syntax create nothing
  ---
  duration_ms: 5.7869
  type: 'test'
  ...
1..16
# tests 16
# suites 0
# pass 16
# fail 0
# cancelled 0
# skipped 0
# todo 0
# duration_ms 1294.7961
