✖ UI approval rejects approximate HTML without runtime correspondence and preserves the pending gate (31.6398ms)
ℹ tests 1
ℹ suites 0
ℹ pass 0
ℹ fail 1
ℹ cancelled 0
ℹ skipped 0
ℹ todo 0
ℹ duration_ms 99.6126

✖ failing tests:

test at tests\approval.test.mjs:22:1
✖ UI approval rejects approximate HTML without runtime correspondence and preserves the pending gate (31.6398ms)
  AssertionError [ERR_ASSERTION]: Missing expected rejection.
      at async TestContext.<anonymous> (file:///D:/projects/databricks-dev-harness/tests/approval.test.mjs:25:3)
      at async Test.run (node:internal/test_runner/test:1208:7)
      at async startSubtestAfterBootstrap (node:internal/test_runner/harness:385:3) {
    generatedMessage: false,
    code: 'ERR_ASSERTION',
    actual: undefined,
    expected: /UI.*contract|ui-contract/i,
    operator: 'rejects',
    diff: 'simple'
  }
