TAP version 13
# Subtest: SU-05 natural update requests route to the updater without granting execution permission
ok 1 - SU-05 natural update requests route to the updater without granting execution permission
  ---
  duration_ms: 267.4601
  type: 'test'
  ...
# Subtest: SU-01/02 source tree without Git and release payload make equivalent dry plans; defaults preserve product bytes
ok 2 - SU-01/02 source tree without Git and release payload make equivalent dry plans; defaults preserve product bytes
  ---
  duration_ms: 328.5796
  type: 'test'
  ...
# Subtest: SU-01 clean expanded source needs no cached release; source snapshot remains fixed after original changes
ok 3 - SU-01 clean expanded source needs no cached release; source snapshot remains fixed after original changes
  ---
  duration_ms: 260.9097
  type: 'test'
  ...
# Subtest: SU-01 dirty source uses only a matching stamped immutable payload, not dirty bytes
ok 4 - SU-01 dirty source uses only a matching stamped immutable payload, not dirty bytes
  ---
  duration_ms: 273.5316
  type: 'test'
  ...
# Subtest: SU-02 local edit refuses all managed writes without preserve flag
ok 5 - SU-02 local edit refuses all managed writes without preserve flag
  ---
  duration_ms: 194.4166
  type: 'test'
  ...
# Subtest: SU-02 local delete refuses all managed writes without preserve flag
ok 6 - SU-02 local delete refuses all managed writes without preserve flag
  ---
  duration_ms: 185.3441
  type: 'test'
  ...
# Subtest: SU-02 local collision refuses all managed writes without preserve flag
ok 7 - SU-02 local collision refuses all managed writes without preserve flag
  ---
  duration_ms: 267.4083
  type: 'test'
  ...
# Subtest: SU-03 unknown baseline and non-product target fail closed
ok 8 - SU-03 unknown baseline and non-product target fail closed
  ---
  duration_ms: 177.8592
  type: 'test'
  ...
# Subtest: SU-03 same or nested source and target are refused
ok 9 - SU-03 same or nested source and target are refused
  ---
  duration_ms: 1120.9958
  type: 'test'
  ...
# Subtest: SU-03 modified release and mismatched stamped cache are refused
ok 10 - SU-03 modified release and mismatched stamped cache are refused
  ---
  duration_ms: 1088.7315
  type: 'test'
  ...
# Subtest: SU-03 snapshot tampering, missing approval and stale target refuse application
ok 11 - SU-03 snapshot tampering, missing approval and stale target refuse application
  ---
  duration_ms: 1128.6023
  type: 'test'
  ...
# Subtest: SU-03 source junction is rejected
ok 12 - SU-03 source junction is rejected
  ---
  duration_ms: 660.0224
  type: 'test'
  ...
# Subtest: SU-03/05 portable CLI targets cwd, rejects unknown/duplicate arguments and does not execute source code
ok 13 - SU-03/05 portable CLI targets cwd, rejects unknown/duplicate arguments and does not execute source code
  ---
  duration_ms: 1299.5598
  type: 'test'
  ...
# Subtest: SU-04 post-write corruption records interruption, keeps old baseline and original backups, and rejects replay
ok 14 - SU-04 post-write corruption records interruption, keeps old baseline and original backups, and rejects replay
  ---
  duration_ms: 680.8283
  type: 'test'
  ...
# Subtest: SU-05 legacy project bootstraps from external runner then uses its own installed runner for next update
ok 15 - SU-05 legacy project bootstraps from external runner then uses its own installed runner for next update
  ---
  duration_ms: 1517.1855
  type: 'test'
  ...
# Subtest: IND-01 / SU-01,02 hand-built release and Git-free source yield same operations and preserve binary/local bytes
ok 16 - IND-01 / SU-01,02 hand-built release and Git-free source yield same operations and preserve binary/local bytes
  ---
  duration_ms: 173.1495
  type: 'test'
  ...
# Subtest: IND-02 / SU-03 invalid clean source, forbidden paths, ambiguous forms and mismatched cache fail before snapshot metadata
    # Subtest: crlf
    ok 1 - crlf
      ---
      duration_ms: 29.4752
      type: 'test'
      ...
    # Subtest: missing
    ok 2 - missing
      ---
      duration_ms: 29.3888
      type: 'test'
      ...
    # Subtest: size
    ok 3 - size
      ---
      duration_ms: 30.5574
      type: 'test'
      ...
    # Subtest: traversal
    ok 4 - traversal
      ---
      duration_ms: 31.5725
      type: 'test'
      ...
    # Subtest: secret
    ok 5 - secret
      ---
      duration_ms: 30.2909
      type: 'test'
      ...
    # Subtest: ambiguous
    ok 6 - ambiguous
      ---
      duration_ms: 30.3985
      type: 'test'
      ...
    # Subtest: wrong-cache
    ok 7 - wrong-cache
      ---
      duration_ms: 51.9733
      type: 'test'
      ...
    1..7
ok 17 - IND-02 / SU-03 invalid clean source, forbidden paths, ambiguous forms and mismatched cache fail before snapshot metadata
  ---
  duration_ms: 234.9698
  type: 'test'
  ...
# Subtest: IND-03 / SU-03 target junction and managed parent junction reject before writes
ok 18 - IND-03 / SU-03 target junction and managed parent junction reject before writes
  ---
  duration_ms: 61.4466
  type: 'test'
  ...
# Subtest: IND-04 / SU-04 recreated deleted file is detected after writes; baseline and backup retained; replay denied
ok 19 - IND-04 / SU-04 recreated deleted file is detected after writes; baseline and backup retained; replay denied
  ---
  duration_ms: 143.3671
  type: 'test'
  ...
# Subtest: IND-05 / SU-03,05 actual release runner upgrades 0.5 project; installed runner completes subsequent apply
ok 20 - IND-05 / SU-03,05 actual release runner upgrades 0.5 project; installed runner completes subsequent apply
  ---
  duration_ms: 520.9877
  type: 'test'
  ...
1..20
# tests 27
# suites 0
# pass 27
# fail 0
# cancelled 0
# skipped 0
# todo 0
# duration_ms 9516.3087
