✔ session reference drift stops before deploy even with identical requirement bytes (197.1883ms)
✔ session inactive drift stops before deploy even with identical requirement bytes (175.2908ms)
✔ session gate drift stops before deploy even with identical requirement bytes (160.744ms)
✔ session progress text can change without changing bound intent (746.7471ms)
✔ rejects junction at excluded root or output ancestor: app/node_modules (74.6911ms)
✔ rejects junction at excluded root or output ancestor: work/simulations (62.2494ms)
✔ rejects junction at excluded root or output ancestor: .harness/runtime (57.747ms)
✔ nested src/build is source, not a generated-root exclusion (100.2429ms)
✔ sync work past stage deadline cannot win Promise.race (190.0161ms)
✔ overall deadline includes preflight and no late result can restore success (199.1598ms)
✔ lost result and stop writes leave durable deployment entry uncertain with no downstream calls (323.6085ms)
✔ rejects untrusted health result: run (666.8922ms)
✔ rejects untrusted health result: extra (920.0416ms)
✔ rejects untrusted health result: future (975.4069ms)
✔ rejects untrusted health result: old (974.1607ms)
✔ rejects untrusted health result: calendar (944.0806ms)
✔ rejects untrusted health result: live-url (992.6821ms)
✔ show rejects altered schema, event order and success fields even after hash recomputation (1080.5757ms)
✔ CLI rejects unknown, duplicate, missing and live options before creating records (82.8175ms)
✔ fixed CLI scenarios cannot promote a synthetic observation into live success (4721.6898ms)
✔ public CLI uses real dispatcher and safe exit codes on isolated fixtures (2688.7791ms)
✔ policy directory junction is rejected capture even with equal bytes (108.951ms)
✔ policy directory junction is rejected validate even with equal bytes (250.2839ms)
✔ policy raw byte changes invalidate candidate even when legacy UTF-8 digest collides (385.6978ms)
✔ dispatcher bytes are bound independently of the legacy verifier policy hash (318.2994ms)
✔ synthetic health cannot store a path payload (931.7369ms)
✔ stopped event cannot jump over unentered stages even with a recomputed hash (240.177ms)
✔ candidate binds input roles and ignores only declared generated/dependency roots (135.7414ms)
✔ successful flow records simulation identity, ordered operations and freshness without claiming live (1017.5244ms)
✔ failure or incomplete terminal at validate stops all downstream calls {"status":"failed"} (216.1315ms)
✔ failure or incomplete terminal at validate stops all downstream calls {"status":"passed","checks":["build","typecheck","lint"]} (218.0876ms)
✔ failure or incomplete terminal at deploy stops all downstream calls {"status":"failed"} (399.591ms)
✔ failure or incomplete terminal at observe stops all downstream calls {"state":"PENDING","deploymentId":"sim-001"} (586.2915ms)
✔ failure or incomplete terminal at observe stops all downstream calls {"state":"FAILED","deploymentId":"sim-001"} (583.398ms)
✔ failure or incomplete terminal at start stops all downstream calls {"state":"STOPPED","deploymentId":"sim-001"} (763.9114ms)
✔ failure or incomplete terminal at health stops all downstream calls {"status":"unhealthy","deploymentId":"sim-001"} (926.3909ms)
✔ validate throw or timeout cannot start a later operation (456.9308ms)
✔ deploy throw or timeout cannot start a later operation (839.3838ms)
✔ observe throw or timeout cannot start a later operation (1170.4121ms)
✔ start throw or timeout cannot start a later operation (1541.3189ms)
✔ health throw or timeout cannot start a later operation (1910.0692ms)
✔ already aborted invocation calls no adapter (83.4135ms)
✔ abort during deployment prevents observation and marks reconciliation required (389.8245ms)
✔ post-validation modify drift blocks deployment (272.4583ms)
✔ post-validation add drift blocks deployment (259.6778ms)
✔ post-validation remove drift blocks deployment (237.91ms)
✔ post-validation validation drift blocks deployment (266.8421ms)
✔ post-validation requirement drift blocks deployment (266.873ms)
✔ post-validation policy drift blocks deployment (258.8029ms)
✔ post-validation approval drift blocks deployment (275.7825ms)
✔ unapproved or mismatching scope candidateId calls no adapter (152.8786ms)
✔ unapproved or mismatching scope session calls no adapter (142.4881ms)
✔ unapproved or mismatching scope identity calls no adapter (151.8747ms)
✔ unapproved or mismatching scope decision calls no adapter (143.5164ms)
✔ unapproved or mismatching scope expiresAt calls no adapter (150.6243ms)
✔ unapproved or mismatching scope kind calls no adapter (137.0305ms)
✔ mismatched deployment identity is never accepted as terminal success (603.8251ms)
✔ malformed candidate is rejected before any record or callback (65.3217ms)
✔ record IDs cannot overwrite results or escape the simulation directory (995.8124ms)
✔ concurrent candidate/target invocation is rejected without duplicate deployment (1013.0093ms)
✔ candidate rejects secret settings and unsafe component roots (87.7505ms)
✔ candidate rejects junctions including those pointing inside the repository (82.7622ms)
✔ IR-policy-directory-link: policy input junction is rejected at capture (28.2387ms)
✔ IR-policy-link-replacement: replacing policy directory with equal-byte junction blocks deploy (67.628ms)
✔ IR-policy-bytes: invalid UTF-8 policy byte change invalidates candidate (62.495ms)
✔ IR-health-secret: untrusted synthetic URL must not persist a secret-shaped payload (200.7747ms)
✔ IR-event-stage: stopped event cannot jump from validate to health (61.1006ms)
✔ PASS: success and show preserve read-only synthetic result (199.7978ms)
✔ PASS: stale run correlation at deploy stops downstream (81.4434ms)
✔ PASS: stale run correlation at observe stops downstream (112.527ms)
✔ PASS: stale run correlation at start stops downstream (143.3348ms)
✔ PASS: stale run correlation at health stops downstream (170.4098ms)
✔ PASS: loss of start-result and stop writes leaves durable uncertain entry (162.0778ms)
✔ PASS: failure while writing deploy-entry cannot call deploy (94.3934ms)
✔ PASS: candidate mutation during durable entry save is caught before adapter (103.3449ms)
✔ PASS: timeout at deploy and late resolution cannot mutate record (96.5383ms)
✔ PASS: expiry equality invalidates fixture approval before any call (39.4967ms)
✔ PASS: CLI malformed scalar and unsupported assignment syntax create nothing (7.0167ms)
✔ dispatcher change now invalidates candidate while legacy policyHash remains stable (41.5519ms)
✔ dispatcher change during validation stops before deploy (63.3378ms)
✔ optional dispatcher deletion is part of policy inventory drift (22.7934ms)
✔ policy directory ancestor junction is rejected (11.4762ms)
✔ policy entry junction is rejected even with a nonpolicy extension (14.4485ms)
✔ directory posing as policy JSON is rejected as nonfile (14.4603ms)
✔ single policy file larger than 8 MiB is rejected before candidate (20.1558ms)
✔ aggregate policy bytes larger than 8 MiB are rejected (25.3283ms)
✔ malformed duplicate policy inventory is rejected on read even after hashes recomputed (189.3397ms)
✔ existing record with path payload URL is rejected on show (175.3279ms)
✔ noncanonical synthetic origin URL is rejected before recording health (161.3802ms)
✔ legal stop at initial validation preflight remains readable (34.0671ms)
✔ legal stop at next-stage preflight after passed result remains readable (84.855ms)
✔ legal stop after validate passed-result save failure remains readable (72.1526ms)
✔ legal stop after health passed-result save failure remains readable (238.5177ms)
✔ strict stopped stages still reject a jump on preflight failure (49.8932ms)
ℹ tests 94
ℹ suites 0
ℹ pass 94
ℹ fail 0
ℹ cancelled 0
ℹ skipped 0
ℹ todo 0
ℹ duration_ms 35465.8093
