✔ UI approval rejects approximate HTML without runtime correspondence and preserves the pending gate (25.7468ms)
✔ mock approval binds executable artifacts and updates the active session (143.3411ms)
✔ mock approval cannot skip pending product intent (9.6558ms)
✔ mock approval requires a real session, human evidence, and executable artifacts (15.4336ms)
✔ existing accepted requirements can be approved but intake questions cannot be bypassed (27.6377ms)
✔ runtime correspondence supports preview and mock without certifying pixels (288.6629ms)
✔ approval rejects changed mock.tsx (116.3386ms)
✔ approval rejects changed style.css (115.1211ms)
✔ approval rejects changed fixtures.json (124.0667ms)
✔ approval rejects changed package.json (110.2557ms)
✔ approval rejects changed package-lock.json (113.445ms)
✔ contract rejects empty screens (36.81ms)
✔ contract rejects empty styles (32.266ms)
✔ contract rejects empty components (36.3056ms)
✔ contract rejects missing state (37.9783ms)
✔ contract rejects approximate HTML (35.2215ms)
✔ contract rejects unresolved difference (38.3955ms)
✔ contract rejects self review (39.3257ms)
✔ contract rejects unapproved external (23.9695ms)
✔ contract rejects version mismatch (35.022ms)
✔ runtime-generated static HTML is visual-only, never behavioral approval (82.9625ms)
✔ external hosting requires a decision tied to this target and requirement (46.2749ms)
✔ stale review and unbound or legacy approvals fail without rewriting records (102.6344ms)
✔ UI draft defaults to Apps, cannot overwrite and cannot be approved as complete (38.8499ms)
✔ public delivery CLI validates the actual approval and refuses stale/different app records (596.0242ms)
✔ ui-init rejects linked output ancestors before creating a draft or lock (21.1207ms)
✔ final independent: assisted approval check is read-only and binds its session/app (224.9952ms)
✔ final independent: assisted check cannot treat a newly reviewed contract as the old human approval (165.9585ms)
✔ final independent: malformed contract and invalid command return safe non-success diagnostics (101.8358ms)
✔ final independent: ui-init refuses a linked ancestor without creating output or lock (105.6255ms)
✔ final independent: UI hash command only computes a snapshot and never mutates the contract (106.0577ms)
✔ independent: normal approval binds sources and explicitly does not certify appearance/identity (222.0927ms)
✔ independent: approval rejects wrong session (117.4203ms)
✔ independent: approval rejects wrong appRoot (120.336ms)
✔ independent: approval rejects wrong version (137.7673ms)
✔ independent: approval rejects changed apps/test/src/Screen.tsx (131.2108ms)
✔ independent: approval rejects changed apps/test/src/theme.css (127.0308ms)
✔ independent: approval rejects changed apps/test/package-lock.json (126.1763ms)
✔ independent: approval rejects changed apps/test/src/fixtures.json (128.428ms)
✔ independent: approval rejects changed work/evidence/review.md (117.284ms)
✔ independent: legacy approval cannot be consumed (15.4233ms)
✔ independent: refuses same reviewer actor without writing approval (43.1452ms)
✔ independent: refuses same reviewer context without writing approval (41.9175ms)
✔ independent: refuses unresolved difference without writing approval (40.816ms)
✔ independent: refuses empty screens without writing approval (39.6122ms)
✔ independent: refuses missing behavior without writing approval (40.4591ms)
✔ independent: refuses missing preview state without writing approval (40.5269ms)
✔ independent: refuses approximate HTML mode without writing approval (39.2409ms)
✔ independent: refuses unapproved external hosting without writing approval (31.2585ms)
✔ independent: stale review fails after the basis changes even with fresh artifact hashes (42.3654ms)
✔ independent: runtime-html is preview-only and cannot be approved as executable mock (63.8111ms)
✔ independent: explicit external/framework exception is bound to exact target and requirement (137.052ms)
✔ independent: ui-init is draft-only and does not overwrite an existing contract (49.9785ms)
✔ independent: non-UI product intent needs no UI contract (35.1035ms)
✔ independent: loop initialization rejects a legacy canonical UI approval (24.7908ms)
✔ independent: loop gate and later other gate cannot forget the UI receipt (205.0755ms)
✔ independent: loop rechecks before a second run and never starts provider with stale UI (312.4514ms)
✔ independent: non-UI loop does not require UI records (41.0321ms)
✔ independent: changed shared runtime component must invalidate approval (96.167ms)
✔ independent: loop does not record passing checks after provider changes approved UI (199.1701ms)
✔ independent: achieved cannot bypass UI changes between run and record (301.6655ms)
✔ independent: incompatible manifest dependency cannot masquerade as the locked runtime version (47.1981ms)
✔ independent: dependency spec ^1.2.0 vs 1.2.3 is accepted (95.2107ms)
✔ independent: dependency spec ~1.2.0 vs 1.2.3 is accepted (93.6197ms)
✔ independent: dependency spec ~1.1.0 vs 1.2.3 is rejected (46.1143ms)
✔ independent: dependency spec ^2.0.0 vs 1.2.3 is rejected (44.93ms)
✔ independent: dependency spec ^0.2.0 vs 0.2.5 is accepted (97.0449ms)
✔ independent: dependency spec ^0.2.0 vs 0.3.0 is rejected (44.1339ms)
✔ independent: dependency spec ^0.0.2 vs 0.0.2 is accepted (93.989ms)
✔ independent: dependency spec ^0.0.2 vs 0.0.3 is rejected (49.2845ms)
✔ independent: dependency spec 1.2.3-beta.1 vs 1.2.3-beta.1 is accepted (92.8176ms)
✔ independent: dependency spec ^1.2.3-beta.1 vs 1.2.3-beta.1 is rejected (46.7329ms)
✔ independent: dependency spec npm:other@1.2.3 vs 1.2.3 is rejected (47.1833ms)
✔ independent: dependency spec >=1.0.0 <2.0.0 vs 1.2.3 is rejected (42.6101ms)
✔ independent: integration plan always requires reuse instead of claiming new app approval (43.8901ms)
✔ independent: old ready integration plan is rejected before authentication or app writes (33.092ms)
ℹ tests 76
ℹ suites 0
ℹ pass 76
ℹ fail 0
ℹ cancelled 0
ℹ skipped 0
ℹ todo 0
ℹ duration_ms 4094.4786
