✔ session reference drift stops before deploy even with identical requirement bytes (142.3318ms)
✔ session inactive drift stops before deploy even with identical requirement bytes (127.2082ms)
✔ session gate drift stops before deploy even with identical requirement bytes (122.3099ms)
✔ session progress text can change without changing bound intent (574.5607ms)
✔ rejects junction at excluded root or output ancestor: app/node_modules (59.7831ms)
✔ rejects junction at excluded root or output ancestor: work/simulations (44.5846ms)
✔ rejects junction at excluded root or output ancestor: .harness/runtime (48.9314ms)
✔ nested src/build is source, not a generated-root exclusion (88.5353ms)
✔ sync work past stage deadline cannot win Promise.race (154.527ms)
✔ overall deadline includes preflight and no late result can restore success (175.4658ms)
✔ lost result and stop writes leave durable deployment entry uncertain with no downstream calls (286.5493ms)
✔ rejects untrusted health result: run (560.7859ms)
✔ rejects untrusted health result: extra (573.1787ms)
✔ rejects untrusted health result: future (884.4203ms)
✔ rejects untrusted health result: old (878.7057ms)
✔ rejects untrusted health result: calendar (745.0943ms)
✔ rejects untrusted health result: live-url (896.7323ms)
✔ show rejects altered schema, event order and success fields even after hash recomputation (1038.8761ms)
✔ CLI rejects unknown, duplicate, missing and live options before creating records (65.9573ms)
✔ fixed CLI scenarios cannot promote a synthetic observation into live success (4042.5598ms)
✔ public CLI uses real dispatcher and safe exit codes on isolated fixtures (2442.9517ms)
✔ policy directory junction is rejected capture even with equal bytes (78.8279ms)
✔ policy directory junction is rejected validate even with equal bytes (199.9648ms)
✔ policy raw byte changes invalidate candidate even when legacy UTF-8 digest collides (297.3498ms)
✔ dispatcher bytes are bound independently of the legacy verifier policy hash (233.4074ms)
✔ synthetic health cannot store a path payload (838.0718ms)
✔ stopped event cannot jump over unentered stages even with a recomputed hash (208.4646ms)
✔ candidate binds input roles and ignores only declared generated/dependency roots (125.8218ms)
✔ successful flow records simulation identity, ordered operations and freshness without claiming live (915.3484ms)
✔ failure or incomplete terminal at validate stops all downstream calls {"status":"failed"} (178.7639ms)
✔ failure or incomplete terminal at validate stops all downstream calls {"status":"passed","checks":["build","typecheck","lint"]} (194.4628ms)
✔ failure or incomplete terminal at deploy stops all downstream calls {"status":"failed"} (350.0082ms)
✔ failure or incomplete terminal at observe stops all downstream calls {"state":"PENDING","deploymentId":"sim-001"} (520.985ms)
✔ failure or incomplete terminal at observe stops all downstream calls {"state":"FAILED","deploymentId":"sim-001"} (507.0226ms)
✔ failure or incomplete terminal at start stops all downstream calls {"state":"STOPPED","deploymentId":"sim-001"} (662.2885ms)
✔ failure or incomplete terminal at health stops all downstream calls {"status":"unhealthy","deploymentId":"sim-001"} (806.0897ms)
✔ validate throw or timeout cannot start a later operation (442.0957ms)
✔ deploy throw or timeout cannot start a later operation (747.7614ms)
✔ observe throw or timeout cannot start a later operation (1030.1713ms)
✔ start throw or timeout cannot start a later operation (1365.3495ms)
✔ health throw or timeout cannot start a later operation (1671.9277ms)
✔ already aborted invocation calls no adapter (75.6542ms)
✔ abort during deployment prevents observation and marks reconciliation required (295.3114ms)
✔ post-validation modify drift blocks deployment (241.3798ms)
✔ post-validation add drift blocks deployment (246.6178ms)
✔ post-validation remove drift blocks deployment (239.5072ms)
✔ post-validation validation drift blocks deployment (230.9015ms)
✔ post-validation requirement drift blocks deployment (215.6668ms)
✔ post-validation policy drift blocks deployment (236.8079ms)
✔ post-validation approval drift blocks deployment (238.2679ms)
✔ unapproved or mismatching scope candidateId calls no adapter (132.7326ms)
✔ unapproved or mismatching scope session calls no adapter (108.3801ms)
✔ unapproved or mismatching scope identity calls no adapter (135.6843ms)
✔ unapproved or mismatching scope decision calls no adapter (113.229ms)
✔ unapproved or mismatching scope expiresAt calls no adapter (131.3481ms)
✔ unapproved or mismatching scope kind calls no adapter (128.9624ms)
✔ mismatched deployment identity is never accepted as terminal success (502.0165ms)
✔ malformed candidate is rejected before any record or callback (50.7035ms)
✔ record IDs cannot overwrite results or escape the simulation directory (891.6981ms)
✔ concurrent candidate/target invocation is rejected without duplicate deployment (821.4275ms)
✔ candidate rejects secret settings and unsafe component roots (80.9063ms)
✔ candidate rejects junctions including those pointing inside the repository (81.4294ms)
ℹ tests 62
ℹ suites 0
ℹ pass 62
ℹ fail 0
ℹ cancelled 0
ℹ skipped 0
ℹ todo 0
ℹ duration_ms 30607.0668
