✔ acceptance grammar preserves legacy IDs and recognizes namespaced IDs and checkboxes (2.629ms)
✔ acceptance examples in fenced blocks are not live criteria (0.1737ms)
✔ frontmatter and comments are inert, and setext/ATX section boundaries are explicit (0.3913ms)
✔ legacy headingless mode rejects ambiguous definition "- ac-02: lowercase.\n" (0.0895ms)
✔ legacy headingless mode rejects ambiguous definition "1. AC-D01: ordered.\n" (0.0734ms)
✔ legacy headingless mode rejects ambiguous definition "| AC-D01 | table |\n" (0.0894ms)
✔ legacy headingless mode rejects ambiguous definition "- **AC-D01**: formatted.\n" (0.0927ms)
✔ legacy headingless mode rejects ambiguous definition "- AC-D01：fullwidth colon.\n" (0.0681ms)
✔ legacy headingless mode rejects ambiguous definition "    - AC-D01: indented.\n" (0.0747ms)
✔ legacy headingless mode rejects ambiguous definition "> - AC-D01: quoted.\n" (0.1263ms)
✔ legacy headingless mode rejects ambiguous definition "- [✓] AC-D01: unsupported checkbox.\n" (0.0863ms)
✔ legacy headingless mode rejects ambiguous definition "- AC​-02: hidden character.\n" (0.0809ms)
✔ legacy headingless mode rejects ambiguous definition "- ＡＣ-０２: non-ASCII.\n" (0.0937ms)
✔ legacy headingless mode rejects ambiguous definition "  - AC-D01: nested.\n" (0.036ms)
✔ legacy headingless mode rejects ambiguous definition "### AC-D01: heading.\n" (0.0347ms)
✔ legacy headingless mode rejects ambiguous definition "<div>\n- AC-D01: HTML.\n</div>\n" (0.0267ms)
✔ legacy headingless mode rejects ambiguous definition "# H-D01 must be verified\n" (0.0283ms)
✔ legacy headingless mode rejects ambiguous definition "# **AC-D01** must be verified\n" (0.0268ms)
✔ legacy headingless mode rejects ambiguous definition "• AC-D01: Unicode bullet requirement\n" (0.0281ms)
✔ legacy headingless mode rejects ambiguous definition "​• AC-D01: hidden prefix\n" (0.0314ms)
✔ malformed metadata, comments and example fences are rejected, not used to hide criteria (0.1218ms)
✔ acceptance rejects empty rather than silently dropping criteria (0.0601ms)
✔ acceptance rejects invalid ID rather than silently dropping criteria (0.1866ms)
✔ acceptance rejects duplicate rather than silently dropping criteria (0.0524ms)
✔ acceptance rejects empty body rather than silently dropping criteria (0.0494ms)
✔ acceptance rejects lowercase rather than silently dropping criteria (0.035ms)
✔ acceptance rejects missing colon rather than silently dropping criteria (0.0335ms)
✔ acceptance rejects numbered rather than silently dropping criteria (0.0272ms)
✔ acceptance rejects table rather than silently dropping criteria (0.0315ms)
✔ acceptance rejects formatted rather than silently dropping criteria (0.0271ms)
✔ acceptance rejects plain bullet rather than silently dropping criteria (0.0443ms)
✔ acceptance rejects unclosed fence rather than silently dropping criteria (0.0444ms)
✔ AC-D01 survives seal, validate, and session completion with full independent fixture evidence (58.5269ms)
✔ seal rejects mixed omitted without writing a receipt or changing session (14.3558ms)
✔ seal rejects extra without writing a receipt or changing session (12.8577ms)
✔ seal rejects invalid without writing a receipt or changing session (12.2549ms)
✔ seal rejects duplicate review without writing a receipt or changing session (12.454ms)
✔ duplicate requirement definitions cannot be sealed (11.3517ms)
✔ receipt use revalidates exact coverage and refuses completing a forged incomplete receipt (30.604ms)
✔ existing requirement approval rejects invalid definitions before any record changes (13.7314ms)
✔ intake generation uses valid IDs and approval rejects malformed edited requirements before mutation (210.2347ms)
✔ intake validates its final rendered answer ledger before changing any artifact or existing approval (190.0884ms)
✔ product approval rejects concurrent requirement contents without approving (18.4759ms)
✔ product approval rejects concurrent session requirement pointer without approving (16.0254ms)
✔ seal rejects changed validated input docs/product/requirements/fixture.md (17.669ms)
✔ seal rejects changed validated input work/reviews/fixture.json (18.426ms)
✔ receipt coverage is parsed from the same bytes as its validated requirement hash (38.0288ms)
ℹ tests 47
ℹ suites 0
ℹ pass 47
ℹ fail 0
ℹ cancelled 0
ℹ skipped 0
ℹ todo 0
ℹ duration_ms 757.8217
