✔ acceptance grammar preserves legacy IDs and recognizes namespaced IDs and checkboxes (3.1166ms)
✔ acceptance examples in fenced blocks are not live criteria (0.2324ms)
✔ frontmatter and comments are inert, and setext/ATX section boundaries are explicit (0.407ms)
✔ legacy headingless mode rejects ambiguous definition "- ac-02: lowercase.\n" (0.1001ms)
✔ legacy headingless mode rejects ambiguous definition "1. AC-D01: ordered.\n" (0.0785ms)
✔ legacy headingless mode rejects ambiguous definition "| AC-D01 | table |\n" (0.0976ms)
✔ legacy headingless mode rejects ambiguous definition "- **AC-D01**: formatted.\n" (0.0895ms)
✔ legacy headingless mode rejects ambiguous definition "- AC-D01：fullwidth colon.\n" (0.0811ms)
✔ legacy headingless mode rejects ambiguous definition "    - AC-D01: indented.\n" (0.2524ms)
✔ legacy headingless mode rejects ambiguous definition "> - AC-D01: quoted.\n" (0.1109ms)
✔ legacy headingless mode rejects ambiguous definition "- [✓] AC-D01: unsupported checkbox.\n" (0.0913ms)
✔ legacy headingless mode rejects ambiguous definition "- AC​-02: hidden character.\n" (0.1015ms)
✔ legacy headingless mode rejects ambiguous definition "- ＡＣ-０２: non-ASCII.\n" (0.0961ms)
✔ legacy headingless mode rejects ambiguous definition "  - AC-D01: nested.\n" (0.0371ms)
✔ legacy headingless mode rejects ambiguous definition "### AC-D01: heading.\n" (0.0359ms)
✔ legacy headingless mode rejects ambiguous definition "<div>\n- AC-D01: HTML.\n</div>\n" (0.0283ms)
✔ legacy headingless mode rejects ambiguous definition "# H-D01 must be verified\n" (0.03ms)
✔ legacy headingless mode rejects ambiguous definition "# **AC-D01** must be verified\n" (0.0295ms)
✔ legacy headingless mode rejects ambiguous definition "• AC-D01: Unicode bullet requirement\n" (0.0301ms)
✔ legacy headingless mode rejects ambiguous definition "​• AC-D01: hidden prefix\n" (0.0299ms)
✔ malformed metadata, comments and example fences are rejected, not used to hide criteria (0.1298ms)
✔ acceptance rejects empty rather than silently dropping criteria (0.0665ms)
✔ acceptance rejects invalid ID rather than silently dropping criteria (0.0549ms)
✔ acceptance rejects duplicate rather than silently dropping criteria (0.0466ms)
✔ acceptance rejects empty body rather than silently dropping criteria (0.0497ms)
✔ acceptance rejects lowercase rather than silently dropping criteria (0.033ms)
✔ acceptance rejects missing colon rather than silently dropping criteria (0.0337ms)
✔ acceptance rejects numbered rather than silently dropping criteria (0.0282ms)
✔ acceptance rejects table rather than silently dropping criteria (0.032ms)
✔ acceptance rejects formatted rather than silently dropping criteria (0.0273ms)
✔ acceptance rejects plain bullet rather than silently dropping criteria (0.0437ms)
✔ acceptance rejects unclosed fence rather than silently dropping criteria (0.0562ms)
✔ AC-D01 survives seal, validate, and session completion with full independent fixture evidence (76.8384ms)
✔ seal rejects mixed omitted without writing a receipt or changing session (18.2447ms)
✔ seal rejects extra without writing a receipt or changing session (16.7424ms)
✔ seal rejects invalid without writing a receipt or changing session (17.3106ms)
✔ seal rejects duplicate review without writing a receipt or changing session (14.8867ms)
✔ duplicate requirement definitions cannot be sealed (13.2929ms)
✔ receipt use revalidates exact coverage and refuses completing a forged incomplete receipt (47.5826ms)
✔ existing requirement approval rejects invalid definitions before any record changes (15.8719ms)
✔ intake generation uses valid IDs and approval rejects malformed edited requirements before mutation (231.3638ms)
✔ intake validates its final rendered answer ledger before changing any artifact or existing approval (236.3187ms)
✔ product approval rejects concurrent requirement contents without approving (23.9868ms)
✔ product approval rejects concurrent session requirement pointer without approving (18.7318ms)
✔ seal rejects changed validated input docs/product/requirements/fixture.md (24.2379ms)
✔ seal rejects changed validated input work/reviews/fixture.json (21.8605ms)
✔ receipt coverage is parsed from the same bytes as its validated requirement hash (41.4135ms)
✔ mock approval binds executable artifacts and updates the active session (36.5661ms)
✔ mock approval cannot skip pending product intent (13.3238ms)
✔ mock approval requires a real session, human evidence, and executable artifacts (20.6141ms)
✔ existing accepted requirements can be approved but intake questions cannot be bypassed (33.045ms)
✔ shared option parsing preserves repeated assignments and rejects escaping paths (8.8515ms)
✔ Harness requirements expose all 20 stable acceptance IDs to the completion verifier (2.9566ms)
✔ Databricks connect rejects a profile/host mismatch before identity lookup or persistence (2.5873ms)
✔ Databricks connect rejects malformed auth JSON without recording a verified connection (1.946ms)
✔ Databricks connect rejects auth JSON reporting an error even when the process exited zero (1.7324ms)
✔ Databricks connect requires a host on the selected profile to prove workspace identity (1.7783ms)
✔ Databricks connect persists only non-secret verified connection metadata (10.1575ms)
✔ Databricks doctor detects project/profile host mismatch and does not validate the wrong workspace (15.7984ms)
✔ Databricks doctor uses strict Bundle validation with the explicitly selected profile and target (11.8855ms)
✔ AppKit manifest contracts preserve required plugins, optional selection, resource origins, and scoped rules (39.8993ms)
✔ AppKit planning reports required user resources but never demands optional/platform/local/fixed values (32.8042ms)
✔ AppKit planning refuses unknown optional plugins and undeclared resource assignments (18.867ms)
✔ AppKit planning refuses contradictory must and never manifest rules (16.4311ms)
✔ AppKit mandatory data plugins require the same data-access decision as optional selections (33.0455ms)
✔ AppKit optional resources become required only when that resource group is selected (31.0779ms)
✔ AppKit refuses caller assignments to platform-managed manifest fields (17.0318ms)
✔ AppKit planning waits for mock approval and before-init MUST evidence (24.8198ms)
✔ AppKit rule approval must bind the exact manifest snapshot (33.249ms)
✔ AppKit planning rejects mutable template versions before consulting a manifest (19.642ms)
✔ AppKit validation failure is persisted as a failed scaffold, not a reusable ready plan (67.6923ms)
✔ AppKit fixture-only mock still requires explicit workspace authentication, not business-data access (27.9299ms)
✔ AppKit mock does not invent a profile or authenticate when profile and host are omitted (40.7327ms)
✔ AppKit mock rejects DEFAULT and implicit authentication requests (20.1806ms)
✔ AppKit profile-host mismatch is rejected before authenticating the unexpected workspace (31.3976ms)
✔ AppKit rechecks workspace identity immediately before init (70.6345ms)
✔ AppKit integration rejects mock approval without executable artifact hashes (31.2692ms)
✔ AppKit integration rejects a changed approved fixture before any init or auth recheck (56.6315ms)
✔ Intake copies repository sources with hashes and an explicit untrusted-input classification (62.8093ms)
✔ Intake refuses product approval while any material question is unanswered (99.4613ms)
✔ Intake approval succeeds only after all material answers and records actor/evidence (356.2567ms)
✔ Intake approval updates the canonical requirement and durable session gate consistently (323.274ms)
✔ Changing an accepted material answer invalidates the previous product approval (345.2939ms)
✔ Ordinary Japanese intake does not require the user to invent an ASCII project slug (48.4999ms)
✔ Loop initialization rejects non-integer iteration budgets (15.8047ms)
✔ Loop-generated budget fields conform to the published closed budget schema (19.7619ms)
✔ Loop iteration budget exhaustion is durable and starts no provider process (35.2532ms)
✔ Loop wall-clock budget exhaustion is durable and starts no provider process (33.7928ms)
✔ Loop process timeouts are capped by the remaining wall-clock budget (40.1735ms)
✔ Loop policy hash changes block execution before a provider is started (34.5219ms)
✔ Loop detects policy tampering performed during the provider iteration (39.0282ms)
✔ Loop pending human gates block all provider execution (32.9772ms)
✔ Loop refuses a second iteration while the previous iteration has not been recorded (43.2418ms)
✔ Loop provider failure persists a terminal failure and skips deterministic checks (38.443ms)
✔ Loop completion refuses missing implementation or verifier evidence and remains unfinished (45.1276ms)
✔ Loop completion refuses evidence paths that do not exist (45.0334ms)
✔ Loop completion refuses failed deterministic checks even when evidence files exist (50.1657ms)
✔ Loop completion does not treat an empty verifier file as independent verification (44.941ms)
✔ Loop completion does not accept a directory as implementation evidence (45.1288ms)
✔ Loop completion rechecks the policy hash after implementation and before achievement (51.486ms)
✔ Loop achievement accepts a matching independent receipt covering every requirement criterion (69.3655ms)
✔ Loop achievement rejects an independent receipt missing an acceptance criterion (62.1132ms)
✔ Loop achievement rejects a receipt from the implementing provider (56.726ms)
✔ Loop achievement rejects evidence changed after independent review (52.6713ms)
✔ Loop achievement rejects acceptance evidence that is missing or not bound by an artifact hash (54.2224ms)
✔ Loop record rejects undeclared outcome values instead of silently treating them as progress (48.2823ms)
✔ Operator stop cannot bypass the evidence-backed achieved transition (27.9557ms)
✔ durable sessions carry provider, linked designs, objective, and pending intent gate (29.9475ms)
✔ unknown session intents are rejected without creating a durable record (13.2336ms)
✔ a checkpoint requires summary and exact next action (54.5093ms)
✔ a pending intent gate cannot be skipped through checkpoint phase changes (40.3343ms)
✔ file locks reject concurrent writers and are released after exceptions (11.6187ms)
✔ blocked sessions close without falsely claiming completed and reject later checkpoints (46.0397ms)
✔ completion refuses a pending gate even with a valid receipt (36.3394ms)
✔ completion refuses absent verification without mutating the active session (27.8892ms)
✔ sealed independent AC evidence permits completion and records unauthenticated identity honestly (66.1466ms)
✔ sealing rejects missing acceptance criterion (20.0003ms)
✔ sealing rejects non-independent reviewer (22.1544ms)
✔ sealing rejects unknown reviewer provider (20.3942ms)
✔ sealing rejects passing criterion with no evidence (21.091ms)
✔ sealing rejects directory used as evidence (27.1105ms)
✔ a failed AC seals as fail and cannot be used to close completed (41.5565ms)
✔ sealing rejects an unaccepted draft requirement (21.7426ms)
✔ sealing rejects an empty file advertised as passing evidence (22.1079ms)
✔ receipt validation rejects wrong session (41.131ms)
✔ receipt validation rejects wrong requirement binding (42.0217ms)
✔ receipt validation rejects self-review identity (40.0786ms)
✔ receipt validation rejects stale policy (40.9774ms)
✔ receipt validation rejects missing artifact hashes (38.9174ms)
✔ receipt validation rejects unhashed acceptance evidence (42.398ms)
✔ receipt validation rejects missing AC coverage (44.3352ms)
✔ receipt validation rejects truthy string independence (40.2983ms)
✔ receipt validation rejects unknown provider in receipt (35.5418ms)
✔ receipt validation rejects conflicting duplicate AC result (37.9686ms)
✔ verified artifact changes invalidate previously sealed completion evidence (36.6631ms)
✔ knowledge is indexed with source, confidence, applicability, and freshness (16.9473ms)
✔ knowledge requires provenance and rejects missing source files (10.3972ms)
✔ knowledge supersession retains history and marks the prior entry (23.9654ms)
✔ knowledge supersession cannot cross scope (13.3071ms)
✔ knowledge supersession rejects a sibling directory sharing the knowledge prefix (12.9916ms)
✔ knowledge review dates must be real calendar dates (10.5038ms)
✔ knowledge rejects unsupported kinds instead of creating ungoverned records (34.8889ms)
✔ session checkpoints reject or redact recognizable credentials before persistence (20.9973ms)
✔ knowledge rejects or redacts recognizable credentials before persistence (7.831ms)
✔ session closure rejects or redacts recognizable credentials before persistence (20.9489ms)
✔ nine-session CLI and both hooks include newest, gate/current/next and explicit truncation (564.9467ms)
✔ explicit focus wins over recency and environment; bad focus never falls back (744.1052ms)
✔ legacy latest checkpoint overrides stale initial summary in read-only context (255.8612ms)
work/sessions/S-1.md
work/sessions/S-1.md
✔ checkpoint refreshes current sections, preserves initial history, checks revision and gate (98.8416ms)
work/sessions/S-1.md
✔ task persists linked scope and appears in context; checkpoint focus must belong to session (353.8129ms)
✔ task writes reject duplicate, unknown session, secrets, outside paths, stale revisions and active locks (89.6991ms)
✔ dependencies and transitions are checked, including hand-edited cycles and missing IDs (124.9912ms)
C:\Users\nimao\AppData\Local\Temp\harness-visibility-JwIASe\work\reviews\receipt.json
✔ done requires current independent receipt and evidence and never approves session (360.4423ms)
✔ status reads do not write; explicit snapshot generation protects existing non-generated file (327.0522ms)
✔ context remains bounded and treats markdown/terminal content as data (278.0655ms)
work/sessions/S-1.md
work/sessions/S-1.md
✔ task focus survives task truncation, can be cleared, and status snapshot resists edits (1072.5821ms)
✔ inherited old harness sessions stay excluded after template initialization (430.3583ms)
✔ pending gates block task execution and terminal sessions cannot be used as focus (277.4514ms)
✔ task CRUD works through the public CLI and supports CRLF histories (489.2779ms)
✔ task reader refuses duplicate dependencies and cross-session references (99.2877ms)
work/sessions/S-1.md
work/sessions/S-1.md
✔ manual current-state edits are archived on a later checkpoint rather than discarded (63.2158ms)
✔ task scalars round-trip YAML-sensitive punctuation as data (52.972ms)
✔ boolean flags with values refuse instead of silently changing read/write intent (376.2358ms)
✔ F-01 rejects outside verifier references before every writable transition (3217.2977ms)
✔ F-01 public CLI rejects bad verifier input and leaves both start hooks usable (1278.0416ms)
✔ F-02 legacy omitted blockers inherit the last explicit value, including none, without writes (1552.0575ms)
work/sessions/S-1.md
✔ F-03 initial blocker content is archived before replacement (45.6346ms)
work/sessions/S-1.md
work/sessions/S-1.md
work/sessions/S-1.md
work/sessions/S-1.md
✔ F-03 manually added blockers survive later checkpoints and unchanged bodies are not rearchived (83.2082ms)
work/sessions/S-1.md
✔ F-03 pre-fix format-2 sessions archive a blocker not present in earlier checkpoints (48.3113ms)
ℹ tests 169
ℹ suites 0
ℹ pass 169
ℹ fail 0
ℹ cancelled 0
ℹ skipped 0
ℹ todo 0
ℹ duration_ms 12406.2045
