TAP version 13
# {
#   "plan": "work/scaffolds/20260910-000251-213-app-independent-97954bb7.json",
#   "status": "ready",
#   "missing": [],
#   "rules": []
# }
# {
#   "plan": "work/scaffolds/20260910-000251-213-app-independent-97954bb7.json",
#   "status": "applied",
#   "generatedFiles": [
#     "apps/independent"
#   ]
# }
# Subtest: HI-01: invalid UTF-8 package bytes fail before quarantine or validation
not ok 1 - HI-01: invalid UTF-8 package bytes fail before quarantine or validation
  ---
  duration_ms: 44.2555
  type: 'test'
  location: 'D:\\projects\\databricks-dev-harness\\work\\evidence\\2026-09-10-initialization-independent.test.mjs:68:1'
  failureType: 'testCodeFailure'
  error: 'Missing expected rejection.'
  code: 'ERR_ASSERTION'
  name: 'AssertionError'
  expected:
  operator: 'rejects'
  stack: |-
    async TestContext.<anonymous> (file:///D:/projects/databricks-dev-harness/work/evidence/2026-09-10-initialization-independent.test.mjs:71:3)
    async Test.run (node:internal/test_runner/test:1208:7)
    async startSubtestAfterBootstrap (node:internal/test_runner/harness:385:3)
  ...
# {
#   "plan": "work/scaffolds/20260910-000251-256-app-independent-4c88d0ee.json",
#   "status": "ready",
#   "missing": [],
#   "rules": []
# }
# {
#   "plan": "work/scaffolds/20260910-000251-256-app-independent-4c88d0ee.json",
#   "status": "applied",
#   "generatedFiles": [
#     "apps/independent"
#   ]
# }
# Subtest: HI-02: validator root replacement must not adopt an unvalidated unquarantined root
not ok 2 - HI-02: validator root replacement must not adopt an unvalidated unquarantined root
  ---
  duration_ms: 34.6482
  type: 'test'
  location: 'D:\\projects\\databricks-dev-harness\\work\\evidence\\2026-09-10-initialization-independent.test.mjs:81:1'
  failureType: 'testCodeFailure'
  error: 'Missing expected rejection.'
  code: 'ERR_ASSERTION'
  name: 'AssertionError'
  expected:
  operator: 'rejects'
  stack: |-
    async TestContext.<anonymous> (file:///D:/projects/databricks-dev-harness/work/evidence/2026-09-10-initialization-independent.test.mjs:93:3)
    async Test.run (node:internal/test_runner/test:1208:7)
    async Test.processPendingSubtests (node:internal/test_runner/test:831:7)
  ...
# {
#   "plan": "work/scaffolds/20260910-000251-290-app-independent-53c17cb5.json",
#   "status": "ready",
#   "missing": [],
#   "rules": []
# }
# {
#   "plan": "work/scaffolds/20260910-000251-290-app-independent-53c17cb5.json",
#   "status": "applied",
#   "generatedFiles": [
#     "apps/independent"
#   ]
# }
# Subtest: legal same-root validate file generation and nested package preserve expected validation root
ok 3 - legal same-root validate file generation and nested package preserve expected validation root
  ---
  duration_ms: 34.1496
  type: 'test'
  ...
# {
#   "plan": "work/scaffolds/20260910-000251-324-app-independent-d01858b1.json",
#   "status": "ready",
#   "missing": [],
#   "rules": []
# }
# Subtest: second preflight refuses output created by apply authentication fake before init
ok 4 - second preflight refuses output created by apply authentication fake before init
  ---
  duration_ms: 20.8854
  type: 'test'
  ...
# {
#   "plan": "work/scaffolds/20260910-000251-345-app-independent-73b1df5e.json",
#   "status": "ready",
#   "missing": [],
#   "rules": []
# }
# Subtest: hard-linked generated Bundle refuses before quarantine or validation
ok 5 - hard-linked generated Bundle refuses before quarantine or validation
  ---
  duration_ms: 24.0786
  type: 'test'
  ...
# {
#   "plan": "work/scaffolds/20260910-000251-369-app-independent-751d2961.json",
#   "status": "ready",
#   "missing": [],
#   "rules": []
# }
# Subtest: validator linked-root replacement is rejected and external local target stays untouched
ok 6 - validator linked-root replacement is rejected and external local target stays untouched
  ---
  duration_ms: 35.2476
  type: 'test'
  ...
# {
#   "plan": "work/scaffolds/20260910-000251-404-app-independent-0b22b132.json",
#   "status": "ready",
#   "missing": [],
#   "rules": []
# }
# Subtest: mock reserved directory collision preserves both original Bundle and collision
ok 7 - mock reserved directory collision preserves both original Bundle and collision
  ---
  duration_ms: 29.2848
  type: 'test'
  ...
# Subtest: package exact byte limit passes and one extra byte fails
ok 8 - package exact byte limit passes and one extra byte fails
  ---
  duration_ms: 11.4029
  type: 'test'
  ...
# Subtest: fixture initialized-source nested local contamination is excluded deterministically
ok 9 - fixture initialized-source nested local contamination is excluded deterministically
  ---
  duration_ms: 78.8968
  type: 'test'
  ...
# Subtest: missing mandatory fixture input refuses before exclusive destination creation
ok 10 - missing mandatory fixture input refuses before exclusive destination creation
  ---
  duration_ms: 14.0245
  type: 'test'
  ...
# Subtest: fixture source depth bound refuses before destination creation
ok 11 - fixture source depth bound refuses before destination creation
  ---
  duration_ms: 43.8707
  type: 'test'
  ...
# Subtest: fixture source byte bound refuses before destination creation
ok 12 - fixture source byte bound refuses before destination creation
  ---
  duration_ms: 17.5616
  type: 'test'
  ...
# Subtest: fixture source entry bound refuses before destination creation
ok 13 - fixture source entry bound refuses before destination creation
  ---
  duration_ms: 27451.1187
  type: 'test'
  ...
1..13
# tests 13
# suites 0
# pass 11
# fail 2
# cancelled 0
# skipped 0
# todo 0
# duration_ms 27924.4085
