TAP version 13
# Subtest: same exact scoped decision survives session handoff without claiming execution authority
ok 1 - same exact scoped decision survives session handoff without claiming execution authority
  ---
  duration_ms: 412.4107
  type: 'test'
  ...
# Subtest: same ID never overwrites the original approval
ok 2 - same ID never overwrites the original approval
  ---
  duration_ms: 355.1372
  type: 'test'
  ...
# Subtest: changed environment does not inherit approval
ok 3 - changed environment does not inherit approval
  ---
  duration_ms: 368.0371
  type: 'test'
  ...
# Subtest: changed resource does not inherit approval
ok 4 - changed resource does not inherit approval
  ---
  duration_ms: 424.0942
  type: 'test'
  ...
# Subtest: changed principal does not inherit approval
ok 5 - changed principal does not inherit approval
  ---
  duration_ms: 337.2943
  type: 'test'
  ...
# Subtest: changed operation does not inherit approval
ok 6 - changed operation does not inherit approval
  ---
  duration_ms: 351.314
  type: 'test'
  ...
# Subtest: changed permission does not inherit approval
ok 7 - changed permission does not inherit approval
  ---
  duration_ms: 351.8076
  type: 'test'
  ...
# Subtest: changed cost does not inherit approval
ok 8 - changed cost does not inherit approval
  ---
  duration_ms: 355.6112
  type: 'test'
  ...
# Subtest: changed candidate does not inherit approval
ok 9 - changed candidate does not inherit approval
  ---
  duration_ms: 410.035
  type: 'test'
  ...
# Subtest: changed workspace does not inherit approval
ok 10 - changed workspace does not inherit approval
  ---
  duration_ms: 342.6426
  type: 'test'
  ...
# Subtest: changed profile does not inherit approval
ok 11 - changed profile does not inherit approval
  ---
  duration_ms: 347.6046
  type: 'test'
  ...
# Subtest: changed host does not inherit approval
ok 12 - changed host does not inherit approval
  ---
  duration_ms: 361.2118
  type: 'test'
  ...
# Subtest: changed product does not inherit approval
ok 13 - changed product does not inherit approval
  ---
  duration_ms: 360.9178
  type: 'test'
  ...
# Subtest: changed currency does not inherit approval
ok 14 - changed currency does not inherit approval
  ---
  duration_ms: 394.4413
  type: 'test'
  ...
# Subtest: changed smaller scope does not inherit approval
ok 15 - changed smaller scope does not inherit approval
  ---
  duration_ms: 483.5477
  type: 'test'
  ...
# Subtest: array ordering is not a scope expansion
ok 16 - array ordering is not a scope expansion
  ---
  duration_ms: 383.0806
  type: 'test'
  ...
# Subtest: changed bound bytes invalidate scope: product.config.json
ok 17 - changed bound bytes invalidate scope: product.config.json
  ---
  duration_ms: 435.5446
  type: 'test'
  ...
# Subtest: changed bound bytes invalidate scope: docs/product/requirements/orders.md
ok 18 - changed bound bytes invalidate scope: docs/product/requirements/orders.md
  ---
  duration_ms: 395.4695
  type: 'test'
  ...
# Subtest: changed bound bytes invalidate scope: docs/product/architecture/orders.md
ok 19 - changed bound bytes invalidate scope: docs/product/architecture/orders.md
  ---
  duration_ms: 391.5785
  type: 'test'
  ...
# Subtest: changed bound bytes invalidate scope: work/evidence/decision.md
ok 20 - changed bound bytes invalidate scope: work/evidence/decision.md
  ---
  duration_ms: 383.5013
  type: 'test'
  ...
# Subtest: revocation is append-only and cannot be undone by duplicate record
ok 21 - revocation is append-only and cannot be undone by duplicate record
  ---
  duration_ms: 781.2009
  type: 'test'
  ...
# Subtest: malformed request rejected before persistence: unknown field
ok 22 - malformed request rejected before persistence: unknown field
  ---
  duration_ms: 333.671
  type: 'test'
  ...
# Subtest: malformed request rejected before persistence: duplicate resource
ok 23 - malformed request rejected before persistence: duplicate resource
  ---
  duration_ms: 295.9756
  type: 'test'
  ...
# Subtest: malformed request rejected before persistence: wildcard
ok 24 - malformed request rejected before persistence: wildcard
  ---
  duration_ms: 245.3756
  type: 'test'
  ...
# Subtest: malformed request rejected before persistence: negative cost
ok 25 - malformed request rejected before persistence: negative cost
  ---
  duration_ms: 372.4443
  type: 'test'
  ...
# Subtest: malformed request rejected before persistence: unsafe integer
ok 26 - malformed request rejected before persistence: unsafe integer
  ---
  duration_ms: 285.7385
  type: 'test'
  ...
# Subtest: malformed request rejected before persistence: foreign permission
ok 27 - malformed request rejected before persistence: foreign permission
  ---
  duration_ms: 240.1972
  type: 'test'
  ...
# Subtest: malformed request rejected before persistence: credential URL
ok 28 - malformed request rejected before persistence: credential URL
  ---
  duration_ms: 250.1071
  type: 'test'
  ...
# Subtest: malformed request rejected before persistence: URL query
ok 29 - malformed request rejected before persistence: URL query
  ---
  duration_ms: 283.0517
  type: 'test'
  ...
# Subtest: malformed request rejected before persistence: component root
ok 30 - malformed request rejected before persistence: component root
  ---
  duration_ms: 283.2086
  type: 'test'
  ...
# Subtest: malformed request rejected before persistence: harness component
ok 31 - malformed request rejected before persistence: harness component
  ---
  duration_ms: 369.4899
  type: 'test'
  ...
# Subtest: unknown/duplicate/missing CLI options fail without issuing a record
ok 32 - unknown/duplicate/missing CLI options fail without issuing a record
  ---
  duration_ms: 595.5295
  type: 'test'
  ...
# Subtest: expiry is strict at equality and does not renew on check
ok 33 - expiry is strict at equality and does not renew on check
  ---
  duration_ms: 135.7649
  type: 'test'
  ...
# Subtest: check clock rollback below issuedAt during reads denies reuse without changing original bytes
ok 34 - check clock rollback below issuedAt during reads denies reuse without changing original bytes
  ---
  duration_ms: 122.2994
  type: 'test'
  ...
# Subtest: record clock rollback below its issuedAt rejects before persistence
ok 35 - record clock rollback below its issuedAt rejects before persistence
  ---
  duration_ms: 77.5654
  type: 'test'
  ...
# Subtest: invalid calendar, expired and excessive approval windows reject
ok 36 - invalid calendar, expired and excessive approval windows reject
  ---
  duration_ms: 33.7461
  type: 'test'
  ...
# Subtest: origin completed can hand off its exact scope to active target
ok 37 - origin completed can hand off its exact scope to active target
  ---
  duration_ms: 110.7446
  type: 'test'
  ...
# Subtest: origin blocked can hand off its exact scope to active target
ok 38 - origin blocked can hand off its exact scope to active target
  ---
  duration_ms: 118.544
  type: 'test'
  ...
# Subtest: origin superseded can hand off its exact scope to active target
ok 39 - origin superseded can hand off its exact scope to active target
  ---
  duration_ms: 160.7186
  type: 'test'
  ...
# Subtest: session progress is not scope; pending gate remains a separate decision
ok 40 - session progress is not scope; pending gate remains a separate decision
  ---
  duration_ms: 114.0723
  type: 'test'
  ...
# Subtest: harness source without product initialization cannot record product authority
ok 41 - harness source without product initialization cannot record product authority
  ---
  duration_ms: 289.7098
  type: 'test'
  ...
# Subtest: wrong or missing product context never falls back to another active session
ok 42 - wrong or missing product context never falls back to another active session
  ---
  duration_ms: 482.0343
  type: 'test'
  ...
# Subtest: duplicate JSON keys rejected: top-level
ok 43 - duplicate JSON keys rejected: top-level
  ---
  duration_ms: 249.0732
  type: 'test'
  ...
# Subtest: duplicate JSON keys rejected: nested
ok 44 - duplicate JSON keys rejected: nested
  ---
  duration_ms: 280.3036
  type: 'test'
  ...
# Subtest: duplicate JSON keys rejected: escaped
ok 45 - duplicate JSON keys rejected: escaped
  ---
  duration_ms: 368.0045
  type: 'test'
  ...
# Subtest: invalid UTF-8 and over-limit user evidence are rejected
ok 46 - invalid UTF-8 and over-limit user evidence are rejected
  ---
  duration_ms: 467.9142
  type: 'test'
  ...
# Subtest: hardlinked evidence and linked input ancestors are refused without record writes
ok 47 - hardlinked evidence and linked input ancestors are refused without record writes
  ---
  duration_ms: 347.8825
  type: 'test'
  ...
# Subtest: append-only lock rejects contention and keeps existing lock untouched
ok 48 - append-only lock rejects contention and keeps existing lock untouched
  ---
  duration_ms: 92.92
  type: 'test'
  ...
# Subtest: corrupted or mismatched revocation never re-enables approval
ok 49 - corrupted or mismatched revocation never re-enables approval
  ---
  duration_ms: 108.6964
  type: 'test'
  ...
# Subtest: control-code drift invalidates prior local scope without changing it
ok 50 - control-code drift invalidates prior local scope without changing it
  ---
  duration_ms: 95.1882
  type: 'test'
  ...
# Subtest: new scope records are not legacy loop approvals
ok 51 - new scope records are not legacy loop approvals
  ---
  duration_ms: 415.6017
  type: 'test'
  ...
# Subtest: old approval JSON is not a scoped decision
ok 52 - old approval JSON is not a scoped decision
  ---
  duration_ms: 34.7355
  type: 'test'
  ...
# Subtest: I01 public read-only CLI: same scope crosses sessions but never clears pending gate or writes any bytes
ok 53 - I01 public read-only CLI: same scope crosses sessions but never clears pending gate or writes any bytes
  ---
  duration_ms: 396.9443
  type: 'test'
  ...
# Subtest: I02 semantic array permutation is accepted; lower cost and resource subset still require a new decision
ok 54 - I02 semantic array permutation is accepted; lower cost and resource subset still require a new decision
  ---
  duration_ms: 132.7649
  type: 'test'
  ...
# Subtest: I03 origin progress/terminal state permits handoff, but origin pointer or missing source invalidates it
ok 55 - I03 origin progress/terminal state permits handoff, but origin pointer or missing source invalidates it
  ---
  duration_ms: 210.5472
  type: 'test'
  ...
# Subtest: I04 completed target, unaccepted requirement, empty AC or control drift never fallback to a similar scope
ok 56 - I04 completed target, unaccepted requirement, empty AC or control drift never fallback to a similar scope
  ---
  duration_ms: 132.2105
  type: 'test'
  ...
# Subtest: I05 sensitive scope dimensions each reject exact reuse without altering the grant
ok 57 - I05 sensitive scope dimensions each reject exact reuse without altering the grant
  ---
  duration_ms: 450.2747
  type: 'test'
  ...
# Subtest: I06 record duplicate writers produce exactly one immutable record
ok 58 - I06 record duplicate writers produce exactly one immutable record
  ---
  duration_ms: 137.5405
  type: 'test'
  ...
# Subtest: I07 revocation is immutable, bound to original bytes, and no check mutation repairs it
ok 59 - I07 revocation is immutable, bound to original bytes, and no check mutation repairs it
  ---
  duration_ms: 263.3654
  type: 'test'
  ...
# Subtest: I08 corrupt, wrong-grant and future revocations all fail closed even with recomputed content hash
ok 60 - I08 corrupt, wrong-grant and future revocations all fail closed even with recomputed content hash
  ---
  duration_ms: 383.6779
  type: 'test'
  ...
# Subtest: I09 grant closed schema/kind/hash and duplicate keys reject fabricated legacy shapes
ok 61 - I09 grant closed schema/kind/hash and duplicate keys reject fabricated legacy shapes
  ---
  duration_ms: 110.254
  type: 'test'
  ...
# Subtest: I10 new grant and revocation cannot unlock a legacy loop gate
ok 62 - I10 new grant and revocation cannot unlock a legacy loop gate
  ---
  duration_ms: 231.8296
  type: 'test'
  ...
# Subtest: I11 nested escaped duplicate keys, invisible strings, wildcard and excessive lists refuse record before persistence
ok 63 - I11 nested escaped duplicate keys, invisible strings, wildcard and excessive lists refuse record before persistence
  ---
  duration_ms: 47.2515
  type: 'test'
  ...
# Subtest: I12 canonical path boundaries and reserved paths never issue a record
ok 64 - I12 canonical path boundaries and reserved paths never issue a record
  ---
  duration_ms: 125.5478
  type: 'test'
  ...
# Subtest: I13 hardlinked file, linked component and linked output ancestor reject fixture writes
ok 65 - I13 hardlinked file, linked component and linked output ancestor reject fixture writes
  ---
  duration_ms: 98.4634
  type: 'test'
  ...
# Subtest: I14 UTF-8/size/empty/known secret evidence boundaries fail closed
ok 66 - I14 UTF-8/size/empty/known secret evidence boundaries fail closed
  ---
  duration_ms: 110.5805
  type: 'test'
  ...
# Subtest: I15 raw CLI surface refuses missing, duplicate, unknown, normalized and positional options
ok 67 - I15 raw CLI surface refuses missing, duplicate, unknown, normalized and positional options
  ---
  duration_ms: 315.0586
  type: 'test'
  ...
# Subtest: I16 exact issue/expiry/30-day boundaries reject stale reuse without extending its original expiry
ok 68 - I16 exact issue/expiry/30-day boundaries reject stale reuse without extending its original expiry
  ---
  duration_ms: 160.6219
  type: 'test'
  ...
# Subtest: I17 record rejects a request changed after parsing and before snapshot validation
ok 69 - I17 record rejects a request changed after parsing and before snapshot validation
  ---
  duration_ms: 74.0987
  type: 'test'
  ...
# Subtest: I18 record rejects source requirement-pointer change during evidence read
ok 70 - I18 record rejects source requirement-pointer change during evidence read
  ---
  duration_ms: 77.3207
  type: 'test'
  ...
# Subtest: I19 drift between target and origin repeated input reads is rejected
ok 71 - I19 drift between target and origin repeated input reads is rejected
  ---
  duration_ms: 98.554
  type: 'test'
  ...
# Subtest: I20 revocation appearing during final snapshot validation prevents a positive check
ok 72 - I20 revocation appearing during final snapshot validation prevents a positive check
  ---
  duration_ms: 139.7132
  type: 'test'
  ...
# Subtest: I21 revoke rejects original record changed during proof read; original is not repaired
ok 73 - I21 revoke rejects original record changed during proof read; original is not repaired
  ---
  duration_ms: 94.8833
  type: 'test'
  ...
# Subtest: I22 check reaching expiry during final read is denied
ok 74 - I22 check reaching expiry during final read is denied
  ---
  duration_ms: 126.1766
  type: 'test'
  ...
# Subtest: I23 check clock rollback before issuedAt during I/O cannot return eligibleForReuse
ok 75 - I23 check clock rollback before issuedAt during I/O cannot return eligibleForReuse
  ---
  duration_ms: 272.9781
  type: 'test'
  ...
# Subtest: I24 record clock rollback before its issuedAt during I/O cannot persist a future-issued decision
ok 76 - I24 record clock rollback before its issuedAt during I/O cannot persist a future-issued decision
  ---
  duration_ms: 90.3404
  type: 'test'
  ...
1..76
# tests 76
# suites 0
# pass 76
# fail 0
# cancelled 0
# skipped 0
# todo 0
# duration_ms 16163.943
