✔ FIX-04 re-setup refuses unknown skills in either provider before modifying either tree (2955.9179ms)
✔ FIX-01 generated provider skill preserves existing Apps database resource type (2948.1811ms)
✖ FIX-05 generated SQL embeds exactly the canonical metric YAML (2.5036ms)
ℹ tests 3
ℹ suites 0
ℹ pass 2
ℹ fail 1
ℹ cancelled 0
ℹ skipped 0
ℹ todo 0
ℹ duration_ms 5988.5904

✖ failing tests:

test at tests\truth-assets.test.mjs:35:1
✖ FIX-05 generated SQL embeds exactly the canonical metric YAML (2.5036ms)
  Error: ENOENT: no such file or directory, open 'C:\Users\nimao\AppData\Local\Temp\truth-assets-RnHSFP\project\harness\toolchain.lock.json'
      at async open (node:internal/fs/promises:640:25)
      at async readFile (node:internal/fs/promises:1287:14)
      at async readJson (file:///D:/projects/databricks-dev-harness/tools/lib/shared.mjs:18:21)
      at async planScaffold (file:///D:/projects/databricks-dev-harness/tools/lib/scaffold.mjs:409:21)
      at async TestContext.<anonymous> (file:///D:/projects/databricks-dev-harness/tests/truth-assets.test.mjs:37:14)
      at async Test.run (node:internal/test_runner/test:1208:7)
      at async Test.processPendingSubtests (node:internal/test_runner/test:831:7) {
    errno: -4058,
    code: 'ENOENT',
    syscall: 'open',
    path: 'C:\\Users\\nimao\\AppData\\Local\\Temp\\truth-assets-RnHSFP\\project\\harness\\toolchain.lock.json'
  }
